Component: ARM Compiler 5.06 update 7 (build 960) Tool: armlink [4d3601]

==============================================================================

Section Cross References

    startup_stm32f429xx.o(STACK) refers (Special) to heapauxi.o(.text) for __use_two_region_memory
    startup_stm32f429xx.o(HEAP) refers (Special) to heapauxi.o(.text) for __use_two_region_memory
    startup_stm32f429xx.o(RESET) refers (Special) to heapauxi.o(.text) for __use_two_region_memory
    startup_stm32f429xx.o(RESET) refers to startup_stm32f429xx.o(STACK) for __initial_sp
    startup_stm32f429xx.o(RESET) refers to startup_stm32f429xx.o(.text) for Reset_Handler
    startup_stm32f429xx.o(RESET) refers to stm32f4xx_it.o(i.NMI_Handler) for NMI_Handler
    startup_stm32f429xx.o(RESET) refers to stm32f4xx_it.o(i.HardFault_Handler) for HardFault_Handler
    startup_stm32f429xx.o(RESET) refers to stm32f4xx_it.o(i.MemManage_Handler) for MemManage_Handler
    startup_stm32f429xx.o(RESET) refers to stm32f4xx_it.o(i.BusFault_Handler) for BusFault_Handler
    startup_stm32f429xx.o(RESET) refers to stm32f4xx_it.o(i.UsageFault_Handler) for UsageFault_Handler
    startup_stm32f429xx.o(RESET) refers to stm32f4xx_it.o(i.SVC_Handler) for SVC_Handler
    startup_stm32f429xx.o(RESET) refers to stm32f4xx_it.o(i.DebugMon_Handler) for DebugMon_Handler
    startup_stm32f429xx.o(RESET) refers to stm32f4xx_it.o(i.PendSV_Handler) for PendSV_Handler
    startup_stm32f429xx.o(RESET) refers to stm32f4xx_it.o(i.SysTick_Handler) for SysTick_Handler
    startup_stm32f429xx.o(RESET) refers to stm32f4xx_it.o(i.USART2_IRQHandler) for USART2_IRQHandler
    startup_stm32f429xx.o(.text) refers (Special) to heapauxi.o(.text) for __use_two_region_memory
    startup_stm32f429xx.o(.text) refers to system_stm32f4xx.o(i.SystemInit) for SystemInit
    startup_stm32f429xx.o(.text) refers to __main.o(!!!main) for __main
    startup_stm32f429xx.o(.text) refers to startup_stm32f429xx.o(HEAP) for Heap_Mem
    startup_stm32f429xx.o(.text) refers to startup_stm32f429xx.o(STACK) for Stack_Mem
    remotecontrol.o(i.calibration) refers to h1_alloc.o(.text) for malloc
    remotecontrol.o(i.calibration) refers to display.o(i.lcd_put_cur) for lcd_put_cur
    remotecontrol.o(i.calibration) refers to display.o(i.lcd_send_string) for lcd_send_string
    remotecontrol.o(i.calibration) refers to stm32f4xx_hal.o(i.HAL_Delay) for HAL_Delay
    remotecontrol.o(i.calibration) refers to display.o(i.lcd_clear) for lcd_clear
    remotecontrol.o(i.calibration) refers to stm32f4xx_hal_tim.o(i.HAL_TIM_Base_Start) for HAL_TIM_Base_Start
    remotecontrol.o(i.calibration) refers to display.o(i.lcd_send_data) for lcd_send_data
    remotecontrol.o(i.calibration) refers to stm32f4xx_hal_gpio.o(i.HAL_GPIO_ReadPin) for HAL_GPIO_ReadPin
    remotecontrol.o(i.calibration) refers to joystick.o(i.getServoValue) for getServoValue
    remotecontrol.o(i.calibration) refers to joystick.o(i.getStepValue) for getStepValue
    remotecontrol.o(i.calibration) refers to dflt_clz.o(x$fpl$dflt) for __aeabi_i2d
    remotecontrol.o(i.calibration) refers to ddiv.o(x$fpl$ddiv) for __aeabi_ddiv
    remotecontrol.o(i.calibration) refers to d2f.o(x$fpl$d2f) for __aeabi_d2f
    remotecontrol.o(i.checkMachineStatus) refers to display.o(i.lcd_put_cur) for lcd_put_cur
    remotecontrol.o(i.checkMachineStatus) refers to display.o(i.lcd_send_string) for lcd_send_string
    remotecontrol.o(i.checkMachineStatus) refers to stm32f4xx_hal_gpio.o(i.HAL_GPIO_ReadPin) for HAL_GPIO_ReadPin
    remotecontrol.o(i.checkMachineStatus) refers to stm32f4xx_hal.o(i.HAL_Delay) for HAL_Delay
    remotecontrol.o(i.checkMachineStatus) refers to display.o(i.lcd_clear) for lcd_clear
    remotecontrol.o(i.checkMachineStatus) refers to remotecontrol.o(i.sendValue) for sendValue
    remotecontrol.o(i.checkMachineStatus) refers to stm32f4xx_hal_uart.o(i.HAL_UART_Receive_IT) for HAL_UART_Receive_IT
    remotecontrol.o(i.checkMachineStatus) refers to main.o(.data) for end_data_transmition
    remotecontrol.o(i.sendValue) refers to stm32f4xx_hal_uart.o(i.HAL_UART_Transmit) for HAL_UART_Transmit
    remotecontrol.o(i.sendValue) refers to remotecontrol.o(i.crc8) for crc8
    remotecontrol.o(i.sendValue) refers to stm32f4xx_hal.o(i.HAL_Delay) for HAL_Delay
    joystick.o(i.getServoValue) refers to stm32f4xx_hal_adc.o(i.HAL_ADC_Start) for HAL_ADC_Start
    joystick.o(i.getServoValue) refers to stm32f4xx_hal_adc.o(i.HAL_ADC_PollForConversion) for HAL_ADC_PollForConversion
    joystick.o(i.getServoValue) refers to stm32f4xx_hal_adc.o(i.HAL_ADC_GetValue) for HAL_ADC_GetValue
    joystick.o(i.getServoValue) refers to stm32f4xx_hal_adc.o(i.HAL_ADC_Stop) for HAL_ADC_Stop
    joystick.o(i.getStateButton) refers to stm32f4xx_hal_gpio.o(i.HAL_GPIO_ReadPin) for HAL_GPIO_ReadPin
    joystick.o(i.getStepValue) refers to stm32f4xx_hal_adc.o(i.HAL_ADC_Start) for HAL_ADC_Start
[...]
    ../clib/memcpset.s                       0x00000000   Number         0  rt_memclr_w.o ABSOLUTE
    ../clib/memcpset.s                       0x00000000   Number         0  rt_memcpy_w.o ABSOLUTE
    ../clib/signal.c                         0x00000000   Number         0  defsig_rtmem_formal.o ABSOLUTE
    ../clib/signal.c                         0x00000000   Number         0  defsig_rtmem_inner.o ABSOLUTE
    ../clib/signal.c                         0x00000000   Number         0  defsig_fpe_formal.o ABSOLUTE
    ../clib/signal.c                         0x00000000   Number         0  defsig_fpe_outer.o ABSOLUTE
    ../clib/signal.c                         0x00000000   Number         0  __raise.o ABSOLUTE
    ../clib/signal.c                         0x00000000   Number         0  defsig_rtmem_outer.o ABSOLUTE
    ../clib/signal.c                         0x00000000   Number         0  defsig_exit.o ABSOLUTE
    ../clib/signal.c                         0x00000000   Number         0  defsig_rtred_inner.o ABSOLUTE
    ../clib/signal.c                         0x00000000   Number         0  defsig_stak_inner.o ABSOLUTE
    ../clib/signal.c                         0x00000000   Number         0  defsig_abrt_inner.o ABSOLUTE
    ../clib/signal.c                         0x00000000   Number         0  defsig_pvfn_inner.o ABSOLUTE
    ../clib/signal.c                         0x00000000   Number         0  defsig_cppl_inner.o ABSOLUTE
    ../clib/signal.c                         0x00000000   Number         0  defsig_segv_inner.o ABSOLUTE
    ../clib/signal.c                         0x00000000   Number         0  defsig_other.o ABSOLUTE
    ../clib/signal.c                         0x00000000   Number         0  defsig_fpe_inner.o ABSOLUTE
    ../clib/signal.c                         0x00000000   Number         0  defsig_general.o ABSOLUTE
    ../clib/signal.s                         0x00000000   Number         0  defsig.o ABSOLUTE
    ../clib/stdlib.c                         0x00000000   Number         0  exit.o ABSOLUTE
    ../fplib/d2f.s                           0x00000000   Number         0  d2f.o ABSOLUTE
    ../fplib/ddiv.s                          0x00000000   Number         0  ddiv.o ABSOLUTE
    ../fplib/dflt.s                          0x00000000   Number         0  dflt_clz.o ABSOLUTE
    ../fplib/dnaninf.s                       0x00000000   Number         0  dnaninf.o ABSOLUTE
    ../fplib/dretinf.s                       0x00000000   Number         0  dretinf.o ABSOLUTE
    ../fplib/fpinit.s                        0x00000000   Number         0  fpinit.o ABSOLUTE
    ../fplib/fretinf.s                       0x00000000   Number         0  fretinf.o ABSOLUTE
    ../fplib/usenofp.s                       0x00000000   Number         0  usenofp.o ABSOLUTE
    ..\Core\Src\display.c                    0x00000000   Number         0  display.o ABSOLUTE
    ..\Core\Src\joystick.c                   0x00000000   Number         0  joystick.o ABSOLUTE
    ..\Core\Src\main.c                       0x00000000   Number         0  main.o ABSOLUTE
    ..\Core\Src\remoteControl.c              0x00000000   Number         0  remotecontrol.o ABSOLUTE
    ..\Core\Src\stm32f4xx_hal_msp.c          0x00000000   Number         0  stm32f4xx_hal_msp.o ABSOLUTE
    ..\Core\Src\stm32f4xx_it.c               0x00000000   Number         0  stm32f4xx_it.o ABSOLUTE
    ..\Core\Src\system_stm32f4xx.c           0x00000000   Number         0  system_stm32f4xx.o ABSOLUTE
    ..\Drivers\STM32F4xx_HAL_Driver\Src\stm32f4xx_hal.c 0x00000000   Number         0  stm32f4xx_hal.o ABSOLUTE
    ..\Drivers\STM32F4xx_HAL_Driver\Src\stm32f4xx_hal_adc.c 0x00000000   Number         0  stm32f4xx_hal_adc.o ABSOLUTE
    ..\Drivers\STM32F4xx_HAL_Driver\Src\stm32f4xx_hal_adc_ex.c 0x00000000   Number         0  stm32f4xx_hal_adc_ex.o ABSOLUTE
    ..\Drivers\STM32F4xx_HAL_Driver\Src\stm32f4xx_hal_cortex.c 0x00000000   Number         0  stm32f4xx_hal_cortex.o ABSOLUTE
    ..\Drivers\STM32F4xx_HAL_Driver\Src\stm32f4xx_hal_dma.c 0x00000000   Number         0  stm32f4xx_hal_dma.o ABSOLUTE
    ..\Drivers\STM32F4xx_HAL_Driver\Src\stm32f4xx_hal_dma_ex.c 0x00000000   Number         0  stm32f4xx_hal_dma_ex.o ABSOLUTE
    ..\Drivers\STM32F4xx_HAL_Driver\Src\stm32f4xx_hal_exti.c 0x00000000   Number         0  stm32f4xx_hal_exti.o ABSOLUTE
    ..\Drivers\STM32F4xx_HAL_Driver\Src\stm32f4xx_hal_flash.c 0x00000000   Number         0  stm32f4xx_hal_flash.o ABSOLUTE
    ..\Drivers\STM32F4xx_HAL_Driver\Src\stm32f4xx_hal_flash_ex.c 0x00000000   Number         0  stm32f4xx_hal_flash_ex.o ABSOLUTE
    ..\Drivers\STM32F4xx_HAL_Driver\Src\stm32f4xx_hal_flash_ramfunc.c 0x00000000   Number         0  stm32f4xx_hal_flash_ramfunc.o ABSOLUTE
    ..\Drivers\STM32F4xx_HAL_Driver\Src\stm32f4xx_hal_gpio.c 0x00000000   Number         0  stm32f4xx_hal_gpio.o ABSOLUTE
    ..\Drivers\STM32F4xx_HAL_Driver\Src\stm32f4xx_hal_i2c.c 0x00000000   Number         0  stm32f4xx_hal_i2c.o ABSOLUTE
    ..\Drivers\STM32F4xx_HAL_Driver\Src\stm32f4xx_hal_i2c_ex.c 0x00000000   Number         0  stm32f4xx_hal_i2c_ex.o ABSOLUTE
    ..\Drivers\STM32F4xx_HAL_Driver\Src\stm32f4xx_hal_pwr.c 0x00000000   Number         0  stm32f4xx_hal_pwr.o ABSOLUTE
    ..\Drivers\STM32F4xx_HAL_Driver\Src\stm32f4xx_hal_pwr_ex.c 0x00000000   Number         0  stm32f4xx_hal_pwr_ex.o ABSOLUTE
    ..\Drivers\STM32F4xx_HAL_Driver\Src\stm32f4xx_hal_rcc.c 0x00000000   Number         0  stm32f4xx_hal_rcc.o ABSOLUTE
    ..\Drivers\STM32F4xx_HAL_Driver\Src\stm32f4xx_hal_rcc_ex.c 0x00000000   Number         0  stm32f4xx_hal_rcc_ex.o ABSOLUTE
    ..\Drivers\STM32F4xx_HAL_Driver\Src\stm32f4xx_hal_tim.c 0x00000000   Number         0  stm32f4xx_hal_tim.o ABSOLUTE
    ..\Drivers\STM32F4xx_HAL_Driver\Src\stm32f4xx_hal_tim_ex.c 0x00000000   Number         0  stm32f4xx_hal_tim_ex.o ABSOLUTE
    ..\Drivers\STM32F4xx_HAL_Driver\Src\stm32f4xx_hal_uart.c 0x00000000   Number         0  stm32f4xx_hal_uart.o ABSOLUTE
    ..\\Core\\Src\\display.c                 0x00000000   Number         0  display.o ABSOLUTE
    ..\\Core\\Src\\joystick.c                0x00000000   Number         0  joystick.o ABSOLUTE
    ..\\Core\\Src\\remoteControl.c           0x00000000   Number         0  remotecontrol.o ABSOLUTE
    dc.s                                     0x00000000   Number         0  dc.o ABSOLUTE
    startup_stm32f429xx.s                    0x00000000   Number         0  startup_stm32f429xx.o ABSOLUTE
    RESET                                    0x08000000   Section      428  startup_stm32f429xx.o(RESET)
    !!!main                                  0x080001ac   Section        8  __main.o(!!!main)
    !!!scatter                               0x080001b4   Section       52  __scatter.o(!!!scatter)
    !!handler_copy                           0x080001e8   Section       26  __scatter_copy.o(!!handler_copy)
    !!handler_zi                             0x08000204   Section       28  __scatter_zi.o(!!handler_zi)
    .ARM.Collect$$libinit$$00000000          0x08000220   Section        2  libinit.o(.ARM.Collect$$libinit$$00000000)
    .ARM.Collect$$libinit$$00000001          0x08000222   Section        4  libinit2.o(.ARM.Collect$$libinit$$00000001)
    .ARM.Collect$$libinit$$00000004          0x08000226   Section        0  libinit2.o(.ARM.Collect$$libinit$$00000004)
    .ARM.Collect$$libinit$$00000005          0x08000226   Section        8  libinit2.o(.ARM.Collect$$libinit$$00000005)
    .ARM.Collect$$libinit$$0000000A          0x0800022e   Section        0  libinit2.o(.ARM.Collect$$libinit$$0000000A)
    .ARM.Collect$$libinit$$0000000C          0x0800022e   Section        0  libinit2.o(.ARM.Collect$$libinit$$0000000C)
    .ARM.Collect$$libinit$$0000000E          0x0800022e   Section        0  libinit2.o(.ARM.Collect$$libinit$$0000000E)
    .ARM.Collect$$libinit$$00000011          0x0800022e   Section        0  libinit2.o(.ARM.Collect$$libinit$$00000011)
    .ARM.Collect$$libinit$$00000013          0x0800022e   Section        0  libinit2.o(.ARM.Collect$$libinit$$00000013)
    .ARM.Collect$$libinit$$00000015          0x0800022e   Section        0  libinit2.o(.ARM.Collect$$libinit$$00000015)
    .ARM.Collect$$libinit$$00000017          0x0800022e   Section        0  libinit2.o(.ARM.Collect$$libinit$$00000017)
    .ARM.Collect$$libinit$$00000019          0x0800022e   Section        0  libinit2.o(.ARM.Collect$$libinit$$00000019)
    .ARM.Collect$$libinit$$0000001B          0x0800022e   Section        0  libinit2.o(.ARM.Collect$$libinit$$0000001B)
    .ARM.Collect$$libinit$$0000001D          0x0800022e   Section        0  libinit2.o(.ARM.Collect$$libinit$$0000001D)
    .ARM.Collect$$libinit$$0000001F          0x0800022e   Section        0  libinit2.o(.ARM.Collect$$libinit$$0000001F)
    .ARM.Collect$$libinit$$00000021          0x0800022e   Section        0  libinit2.o(.ARM.Collect$$libinit$$00000021)
    .ARM.Collect$$libinit$$00000023          0x0800022e   Section        0  libinit2.o(.ARM.Collect$$libinit$$00000023)
    .ARM.Collect$$libinit$$00000025          0x0800022e   Section        0  libinit2.o(.ARM.Collect$$libinit$$00000025)
    .ARM.Collect$$libinit$$0000002C          0x0800022e   Section        0  libinit2.o(.ARM.Collect$$libinit$$0000002C)
    .ARM.Collect$$libinit$$0000002E          0x0800022e   Section        0  libinit2.o(.ARM.Collect$$libinit$$0000002E)
    .ARM.Collect$$libinit$$00000030          0x0800022e   Section        0  libinit2.o(.ARM.Collect$$libinit$$00000030)
    .ARM.Collect$$libinit$$00000032          0x0800022e   Section        0  libinit2.o(.ARM.Collect$$libinit$$00000032)
    .ARM.Collect$$libinit$$00000033          0x0800022e   Section        2  libinit2.o(.ARM.Collect$$libinit$$00000033)
    .ARM.Collect$$libshutdown$$00000000      0x08000230   Section        2  libshutdown.o(.ARM.Collect$$libshutdown$$00000000)
    .ARM.Collect$$libshutdown$$00000002      0x08000232   Section        0  libshutdown2.o(.ARM.Collect$$libshutdown$$00000002)
    .ARM.Collect$$libshutdown$$00000004      0x08000232   Section        0  libshutdown2.o(.ARM.Collect$$libshutdown$$00000004)
    .ARM.Collect$$libshutdown$$00000006      0x08000232   Section        0  libshutdown2.o(.ARM.Collect$$libshutdown$$00000006)
    .ARM.Collect$$libshutdown$$00000009      0x08000232   Section        0  libshutdown2.o(.ARM.Collect$$libshutdown$$00000009)
    .ARM.Collect$$libshutdown$$0000000C      0x08000232   Section        0  libshutdown2.o(.ARM.Collect$$libshutdown$$0000000C)
    .ARM.Collect$$libshutdown$$0000000E      0x08000232   Section        0  libshutdown2.o(.ARM.Collect$$libshutdown$$0000000E)
    .ARM.Collect$$libshutdown$$00000011      0x08000232   Section        0  libshutdown2.o(.ARM.Collect$$libshutdown$$00000011)
    .ARM.Collect$$libshutdown$$00000012      0x08000232   Section        2  libshutdown2.o(.ARM.Collect$$libshutdown$$00000012)
    .ARM.Collect$$rtentry$$00000000          0x08000234   Section        0  __rtentry.o(.ARM.Collect$$rtentry$$00000000)
    .ARM.Collect$$rtentry$$00000002          0x08000234   Section        0  __rtentry2.o(.ARM.Collect$$rtentry$$00000002)
    .ARM.Collect$$rtentry$$00000004          0x08000234   Section        6  __rtentry4.o(.ARM.Collect$$rtentry$$00000004)
    .ARM.Collect$$rtentry$$00000009          0x0800023a   Section        0  __rtentry2.o(.ARM.Collect$$rtentry$$00000009)
    .ARM.Collect$$rtentry$$0000000A          0x0800023a   Section        4  __rtentry2.o(.ARM.Collect$$rtentry$$0000000A)
    .ARM.Collect$$rtentry$$0000000C          0x0800023e   Section        0  __rtentry2.o(.ARM.Collect$$rtentry$$0000000C)
    .ARM.Collect$$rtentry$$0000000D          0x0800023e   Section        8  __rtentry2.o(.ARM.Collect$$rtentry$$0000000D)
    .ARM.Collect$$rtexit$$00000000           0x08000246   Section        2  rtexit.o(.ARM.Collect$$rtexit$$00000000)
    .ARM.Collect$$rtexit$$00000002           0x08000248   Section        0  rtexit2.o(.ARM.Collect$$rtexit$$00000002)
    .ARM.Collect$$rtexit$$00000003           0x08000248   Section        4  rtexit2.o(.ARM.Collect$$rtexit$$00000003)
    .ARM.Collect$$rtexit$$00000004           0x0800024c   Section        6  rtexit2.o(.ARM.Collect$$rtexit$$00000004)
    .emb_text                                0x08000254   Section        0  maybetermalloc1.o(.emb_text)
    .text                                    0x08000254   Section       64  startup_stm32f429xx.o(.text)
    $v0                                      0x08000254   Number         0  startup_stm32f429xx.o(.text)
    .text                                    0x08000294   Section        0  h1_alloc.o(.text)
    .text                                    0x080002f2   Section      238  lludivv7m.o(.text)
    .text                                    0x080003e0   Section       78  rt_memclr_w.o(.text)
    .text                                    0x0800042e   Section        0  heapauxi.o(.text)
    .text                                    0x08000434   Section        8  rt_heap_descriptor_intlibspace.o(.text)
    .text                                    0x0800043c   Section        0  hguard.o(.text)
    .text                                    0x08000440   Section        0  init_alloc.o(.text)
    .text                                    0x080004ca   Section        0  h1_init.o(.text)
    .text                                    0x080004d8   Section        0  h1_free.o(.text)
    .text                                    0x08000528   Section        8  libspace.o(.text)
    .text                                    0x08000530   Section        0  h1_extend.o(.text)
    .text                                    0x08000564   Section        0  defsig_rtmem_outer.o(.text)
    .text                                    0x08000572   Section        2  use_no_semi.o(.text)
    .text                                    0x08000574   Section        0  indicate_semi.o(.text)
    .text                                    0x08000574   Section       74  sys_stackheap_outer.o(.text)
    .text                                    0x080005be   Section        0  exit.o(.text)
    .text                                    0x080005d0   Section        0  defsig_exit.o(.text)
    .text                                    0x080005dc   Section        0  defsig_rtmem_inner.o(.text)
    .text                                    0x0800062c   Section        0  sys_exit.o(.text)
    .text                                    0x08000638   Section        0  defsig_general.o(.text)
    .text                                    0x0800066a   Section        0  sys_wrch.o(.text)
    i.ADC_Init                               0x08000678   Section        0  stm32f4xx_hal_adc.o(i.ADC_Init)
    ADC_Init                                 0x08000679   Thumb Code   284  stm32f4xx_hal_adc.o(i.ADC_Init)
    i.BusFault_Handler                       0x080007a0   Section        0  stm32f4xx_it.o(i.BusFault_Handler)
    i.DebugMon_Handler                       0x080007a2   Section        0  stm32f4xx_it.o(i.DebugMon_Handler)
    i.HAL_ADC_ConfigChannel                  0x080007a4   Section        0  stm32f4xx_hal_adc.o(i.HAL_ADC_ConfigChannel)
    i.HAL_ADC_GetValue                       0x08000908   Section        0  stm32f4xx_hal_adc.o(i.HAL_ADC_GetValue)
    i.HAL_ADC_Init                           0x0800090e   Section        0  stm32f4xx_hal_adc.o(i.HAL_ADC_Init)
    i.HAL_ADC_MspInit                        0x08000964   Section        0  stm32f4xx_hal_msp.o(i.HAL_ADC_MspInit)
    i.HAL_ADC_PollForConversion              0x080009f4   Section        0  stm32f4xx_hal_adc.o(i.HAL_ADC_PollForConversion)
    i.HAL_ADC_Start                          0x08000aa0   Section        0  stm32f4xx_hal_adc.o(i.HAL_ADC_Start)
    i.HAL_ADC_Stop                           0x08000b9c   Section        0  stm32f4xx_hal_adc.o(i.HAL_ADC_Stop)
    i.HAL_DMA_Abort                          0x08000bd8   Section        0  stm32f4xx_hal_dma.o(i.HAL_DMA_Abort)
    i.HAL_DMA_Abort_IT                       0x08000c6a   Section        0  stm32f4xx_hal_dma.o(i.HAL_DMA_Abort_IT)
    i.HAL_Delay                              0x08000c90   Section        0  stm32f4xx_hal.o(i.HAL_Delay)
    i.HAL_GPIO_Init                          0x08000cb4   Section        0  stm32f4xx_hal_gpio.o(i.HAL_GPIO_Init)
    i.HAL_GPIO_ReadPin                       0x08000ee8   Section        0  stm32f4xx_hal_gpio.o(i.HAL_GPIO_ReadPin)
    i.HAL_GPIO_WritePin                      0x08000ef2   Section        0  stm32f4xx_hal_gpio.o(i.HAL_GPIO_WritePin)
    i.HAL_GetTick                            0x08000efc   Section        0  stm32f4xx_hal.o(i.HAL_GetTick)
    i.HAL_I2CEx_ConfigAnalogFilter           0x08000f08   Section        0  stm32f4xx_hal_i2c_ex.o(i.HAL_I2CEx_ConfigAnalogFilter)
    i.HAL_I2CEx_ConfigDigitalFilter          0x08000f4a   Section        0  stm32f4xx_hal_i2c_ex.o(i.HAL_I2CEx_ConfigDigitalFilter)
    i.HAL_I2C_Init                           0x08000f88   Section        0  stm32f4xx_hal_i2c.o(i.HAL_I2C_Init)
    i.HAL_I2C_Master_Transmit                0x08001110   Section        0  stm32f4xx_hal_i2c.o(i.HAL_I2C_Master_Transmit)
    i.HAL_I2C_MspInit                        0x0800123c   Section        0  stm32f4xx_hal_msp.o(i.HAL_I2C_MspInit)
    i.HAL_IncTick                            0x080012a4   Section        0  stm32f4xx_hal.o(i.HAL_IncTick)
    i.HAL_Init                               0x080012b4   Section        0  stm32f4xx_hal.o(i.HAL_Init)
    i.HAL_InitTick                           0x080012e8   Section        0  stm32f4xx_hal.o(i.HAL_InitTick)
    i.HAL_MspInit                            0x08001328   Section        0  stm32f4xx_hal_msp.o(i.HAL_MspInit)
    i.HAL_NVIC_EnableIRQ                     0x08001358   Section        0  stm32f4xx_hal_cortex.o(i.HAL_NVIC_EnableIRQ)
    i.HAL_NVIC_SetPriority                   0x08001374   Section        0  stm32f4xx_hal_cortex.o(i.HAL_NVIC_SetPriority)
    i.HAL_NVIC_SetPriorityGrouping           0x080013b4   Section        0  stm32f4xx_hal_cortex.o(i.HAL_NVIC_SetPriorityGrouping)
    i.HAL_RCC_ClockConfig                    0x080013d8   Section        0  stm32f4xx_hal_rcc.o(i.HAL_RCC_ClockConfig)
    i.HAL_RCC_GetPCLK1Freq                   0x0800150c   Section        0  stm32f4xx_hal_rcc.o(i.HAL_RCC_GetPCLK1Freq)
    i.HAL_RCC_GetPCLK2Freq                   0x0800152c   Section        0  stm32f4xx_hal_rcc.o(i.HAL_RCC_GetPCLK2Freq)
    i.HAL_RCC_GetSysClockFreq                0x0800154c   Section        0  stm32f4xx_hal_rcc.o(i.HAL_RCC_GetSysClockFreq)
    i.HAL_RCC_OscConfig                      0x080015ac   Section        0  stm32f4xx_hal_rcc.o(i.HAL_RCC_OscConfig)
    i.HAL_SYSTICK_Config                     0x08001918   Section        0  stm32f4xx_hal_cortex.o(i.HAL_SYSTICK_Config)
    i.HAL_TIMEx_MasterConfigSynchronization  0x08001940   Section        0  stm32f4xx_hal_tim_ex.o(i.HAL_TIMEx_MasterConfigSynchronization)
    i.HAL_TIM_Base_Init                      0x080019d0   Section        0  stm32f4xx_hal_tim.o(i.HAL_TIM_Base_Init)
    i.HAL_TIM_Base_MspInit                   0x08001a2c   Section        0  stm32f4xx_hal_msp.o(i.HAL_TIM_Base_MspInit)
    i.HAL_TIM_Base_Start                     0x08001a50   Section        0  stm32f4xx_hal_tim.o(i.HAL_TIM_Base_Start)
    i.HAL_TIM_ConfigClockSource              0x08001ac8   Section        0  stm32f4xx_hal_tim.o(i.HAL_TIM_ConfigClockSource)
    i.HAL_UARTEx_RxEventCallback             0x08001ba4   Section        0  stm32f4xx_hal_uart.o(i.HAL_UARTEx_RxEventCallback)
    i.HAL_UART_ErrorCallback                 0x08001ba6   Section        0  stm32f4xx_hal_uart.o(i.HAL_UART_ErrorCallback)
    i.HAL_UART_IRQHandler                    0x08001ba8   Section        0  stm32f4xx_hal_uart.o(i.HAL_UART_IRQHandler)
    i.HAL_UART_Init                          0x08001e10   Section        0  stm32f4xx_hal_uart.o(i.HAL_UART_Init)
    i.HAL_UART_MspInit                       0x08001e74   Section        0  stm32f4xx_hal_msp.o(i.HAL_UART_MspInit)
    i.HAL_UART_Receive_IT                    0x08001eec   Section        0  stm32f4xx_hal_uart.o(i.HAL_UART_Receive_IT)
    i.HAL_UART_RxCpltCallback                0x08001f18   Section        0  main.o(i.HAL_UART_RxCpltCallback)
    i.HAL_UART_Transmit                      0x08001f58   Section        0  stm32f4xx_hal_uart.o(i.HAL_UART_Transmit)
    i.HAL_UART_TxCpltCallback                0x0800200a   Section        0  main.o(i.HAL_UART_TxCpltCallback)
    i.HardFault_Handler                      0x0800200c   Section        0  stm32f4xx_it.o(i.HardFault_Handler)
    i.I2C_IsAcknowledgeFailed                0x0800200e   Section        0  stm32f4xx_hal_i2c.o(i.I2C_IsAcknowledgeFailed)
    I2C_IsAcknowledgeFailed                  0x0800200f   Thumb Code    46  stm32f4xx_hal_i2c.o(i.I2C_IsAcknowledgeFailed)
    i.I2C_MasterRequestWrite                 0x0800203c   Section        0  stm32f4xx_hal_i2c.o(i.I2C_MasterRequestWrite)
    I2C_MasterRequestWrite                   0x0800203d   Thumb Code   150  stm32f4xx_hal_i2c.o(i.I2C_MasterRequestWrite)
    i.I2C_WaitOnBTFFlagUntilTimeout          0x080020d8   Section        0  stm32f4xx_hal_i2c.o(i.I2C_WaitOnBTFFlagUntilTimeout)
    I2C_WaitOnBTFFlagUntilTimeout            0x080020d9   Thumb Code    76  stm32f4xx_hal_i2c.o(i.I2C_WaitOnBTFFlagUntilTimeout)
    i.I2C_WaitOnFlagUntilTimeout             0x08002124   Section        0  stm32f4xx_hal_i2c.o(i.I2C_WaitOnFlagUntilTimeout)
    I2C_WaitOnFlagUntilTimeout               0x08002125   Thumb Code   104  stm32f4xx_hal_i2c.o(i.I2C_WaitOnFlagUntilTimeout)
    i.I2C_WaitOnMasterAddressFlagUntilTimeout 0x0800218c   Section        0  stm32f4xx_hal_i2c.o(i.I2C_WaitOnMasterAddressFlagUntilTimeout)
    I2C_WaitOnMasterAddressFlagUntilTimeout  0x0800218d   Thumb Code   150  stm32f4xx_hal_i2c.o(i.I2C_WaitOnMasterAddressFlagUntilTimeout)
    i.I2C_WaitOnTXEFlagUntilTimeout          0x08002222   Section        0  stm32f4xx_hal_i2c.o(i.I2C_WaitOnTXEFlagUntilTimeout)
    I2C_WaitOnTXEFlagUntilTimeout            0x08002223   Thumb Code    76  stm32f4xx_hal_i2c.o(i.I2C_WaitOnTXEFlagUntilTimeout)
    i.MX_ADC1_Init                           0x08002270   Section        0  main.o(i.MX_ADC1_Init)
    MX_ADC1_Init                             0x08002271   Thumb Code    82  main.o(i.MX_ADC1_Init)
    i.MX_ADC2_Init                           0x080022d0   Section        0  main.o(i.MX_ADC2_Init)
    MX_ADC2_Init                             0x080022d1   Thumb Code    84  main.o(i.MX_ADC2_Init)
    i.MX_GPIO_Init                           0x08002330   Section        0  main.o(i.MX_GPIO_Init)
    MX_GPIO_Init                             0x08002331   Thumb Code   412  main.o(i.MX_GPIO_Init)
    i.MX_I2C2_Init                           0x080024e4   Section        0  main.o(i.MX_I2C2_Init)
    MX_I2C2_Init                             0x080024e5   Thumb Code    74  main.o(i.MX_I2C2_Init)
    i.MX_TIM2_Init                           0x0800253c   Section        0  main.o(i.MX_TIM2_Init)
    MX_TIM2_Init                             0x0800253d   Thumb Code    96  main.o(i.MX_TIM2_Init)
    i.MemManage_Handler                      0x080025a0   Section        0  stm32f4xx_it.o(i.MemManage_Handler)
    i.NMI_Handler                            0x080025a2   Section        0  stm32f4xx_it.o(i.NMI_Handler)
    i.PendSV_Handler                         0x080025a4   Section        0  stm32f4xx_it.o(i.PendSV_Handler)
    i.SVC_Handler                            0x080025a6   Section        0  stm32f4xx_it.o(i.SVC_Handler)
    i.SysTick_Handler                        0x080025a8   Section        0  stm32f4xx_it.o(i.SysTick_Handler)
    i.SystemClock_Config                     0x080025ac   Section        0  main.o(i.SystemClock_Config)
    i.SystemInit                             0x08002640   Section        0  system_stm32f4xx.o(i.SystemInit)
    i.TIM_Base_SetConfig                     0x08002650   Section        0  stm32f4xx_hal_tim.o(i.TIM_Base_SetConfig)
    i.TIM_ETR_SetConfig                      0x08002718   Section        0  stm32f4xx_hal_tim.o(i.TIM_ETR_SetConfig)
    i.TIM_ITRx_SetConfig                     0x0800272c   Section        0  stm32f4xx_hal_tim.o(i.TIM_ITRx_SetConfig)
    TIM_ITRx_SetConfig                       0x0800272d   Thumb Code    16  stm32f4xx_hal_tim.o(i.TIM_ITRx_SetConfig)
    i.TIM_TI1_ConfigInputStage               0x0800273c   Section        0  stm32f4xx_hal_tim.o(i.TIM_TI1_ConfigInputStage)
    TIM_TI1_ConfigInputStage                 0x0800273d   Thumb Code    34  stm32f4xx_hal_tim.o(i.TIM_TI1_ConfigInputStage)
    i.TIM_TI2_ConfigInputStage               0x0800275e   Section        0  stm32f4xx_hal_tim.o(i.TIM_TI2_ConfigInputStage)
    TIM_TI2_ConfigInputStage                 0x0800275f   Thumb Code    36  stm32f4xx_hal_tim.o(i.TIM_TI2_ConfigInputStage)
    i.UART_DMAAbortOnError                   0x08002782   Section        0  stm32f4xx_hal_uart.o(i.UART_DMAAbortOnError)
    UART_DMAAbortOnError                     0x08002783   Thumb Code    16  stm32f4xx_hal_uart.o(i.UART_DMAAbortOnError)
    i.UART_EndRxTransfer                     0x08002792   Section        0  stm32f4xx_hal_uart.o(i.UART_EndRxTransfer)
    UART_EndRxTransfer                       0x08002793   Thumb Code    78  stm32f4xx_hal_uart.o(i.UART_EndRxTransfer)
    i.UART_Receive_IT                        0x080027e0   Section        0  stm32f4xx_hal_uart.o(i.UART_Receive_IT)
    UART_Receive_IT                          0x080027e1   Thumb Code   192  stm32f4xx_hal_uart.o(i.UART_Receive_IT)
    i.UART_SetConfig                         0x080028a0   Section        0  stm32f4xx_hal_uart.o(i.UART_SetConfig)
    UART_SetConfig                           0x080028a1   Thumb Code   258  stm32f4xx_hal_uart.o(i.UART_SetConfig)
    i.UART_Start_Receive_IT                  0x080029ac   Section        0  stm32f4xx_hal_uart.o(i.UART_Start_Receive_IT)
    i.UART_WaitOnFlagUntilTimeout            0x080029e2   Section        0  stm32f4xx_hal_uart.o(i.UART_WaitOnFlagUntilTimeout)
    UART_WaitOnFlagUntilTimeout              0x080029e3   Thumb Code   120  stm32f4xx_hal_uart.o(i.UART_WaitOnFlagUntilTimeout)
    i.USART2_IRQHandler                      0x08002a5c   Section        0  stm32f4xx_it.o(i.USART2_IRQHandler)
    i.UsageFault_Handler                     0x08002a68   Section        0  stm32f4xx_it.o(i.UsageFault_Handler)
    i.__NVIC_SetPriority                     0x08002a6a   Section        0  stm32f4xx_hal_cortex.o(i.__NVIC_SetPriority)
    __NVIC_SetPriority                       0x08002a6b   Thumb Code    32  stm32f4xx_hal_cortex.o(i.__NVIC_SetPriority)
    i.calibration                            0x08002a8c   Section        0  remotecontrol.o(i.calibration)
    i.checkMachineStatus                     0x0800304c   Section        0  remotecontrol.o(i.checkMachineStatus)
    i.crc8                                   0x080031c0   Section        0  remotecontrol.o(i.crc8)
    i.displayControl                         0x080031f4   Section        0  display.o(i.displayControl)
    i.getServoValue                          0x080032e0   Section        0  joystick.o(i.getServoValue)
    i.getStateButton                         0x08003304   Section        0  joystick.o(i.getStateButton)
    i.getStepValue                           0x08003364   Section        0  joystick.o(i.getStepValue)
    i.lcd_clear                              0x08003386   Section        0  display.o(i.lcd_clear)
    i.lcd_init                               0x0800339e   Section        0  display.o(i.lcd_init)
    i.lcd_put_cur                            0x08003416   Section        0  display.o(i.lcd_put_cur)
    i.lcd_send_cmd                           0x08003430   Section        0  display.o(i.lcd_send_cmd)
    i.lcd_send_data                          0x08003470   Section        0  display.o(i.lcd_send_data)
    i.lcd_send_string                        0x080034b0   Section        0  display.o(i.lcd_send_string)
    i.main                                   0x080034c4   Section        0  main.o(i.main)
    i.sendValue                              0x080036c4   Section        0  remotecontrol.o(i.sendValue)
    x$fpl$d2f                                0x08003790   Section       98  d2f.o(x$fpl$d2f)
    $v0                                      0x08003790   Number         0  d2f.o(x$fpl$d2f)
    x$fpl$ddiv                               0x080037f4   Section      688  ddiv.o(x$fpl$ddiv)
    $v0                                      0x080037f4   Number         0  ddiv.o(x$fpl$ddiv)
    ddiv_entry                               0x080037fb   Thumb Code     0  ddiv.o(x$fpl$ddiv)
    x$fpl$dflt                               0x08003aa4   Section       46  dflt_clz.o(x$fpl$dflt)
    $v0                                      0x08003aa4   Number         0  dflt_clz.o(x$fpl$dflt)
    x$fpl$dnaninf                            0x08003ad2   Section      156  dnaninf.o(x$fpl$dnaninf)
    $v0                                      0x08003ad2   Number         0  dnaninf.o(x$fpl$dnaninf)
    x$fpl$dretinf                            0x08003b6e   Section       12  dretinf.o(x$fpl$dretinf)
    $v0                                      0x08003b6e   Number         0  dretinf.o(x$fpl$dretinf)
    x$fpl$fpinit                             0x08003b7a   Section       10  fpinit.o(x$fpl$fpinit)
    $v0                                      0x08003b7a   Number         0  fpinit.o(x$fpl$fpinit)
    x$fpl$fretinf                            0x08003b84   Section       10  fretinf.o(x$fpl$fretinf)
    $v0                                      0x08003b84   Number         0  fretinf.o(x$fpl$fretinf)
    .constdata                               0x08003b8e   Section       16  system_stm32f4xx.o(.constdata)
    x$fpl$usenofp                            0x08003b8e   Section        0  usenofp.o(x$fpl$usenofp)
    .constdata                               0x08003b9e   Section        8  system_stm32f4xx.o(.constdata)
    .data                                    0x20000000   Section       16  main.o(.data)
    .data                                    0x20000010   Section       12  stm32f4xx_hal.o(.data)
    .data                                    0x2000001c   Section        4  system_stm32f4xx.o(.data)
    .bss                                     0x20000020   Section      384  main.o(.bss)
    .bss                                     0x200001a0   Section       96  libspace.o(.bss)
    HEAP                                     0x20000200   Section      512  startup_stm32f429xx.o(HEAP)
    Heap_Mem                                 0x20000200   Data         512  startup_stm32f429xx.o(HEAP)
    STACK                                    0x20000400   Section     1024  startup_stm32f429xx.o(STACK)
    Stack_Mem                                0x20000400   Data        1024  startup_stm32f429xx.o(STACK)
    __initial_sp                             0x20000800   Data           0  startup_stm32f429xx.o(STACK)

    Global Symbols

    Symbol Name                              Value     Ov Type        Size  Object(Section)

    BuildAttributes$$THM_ISAv4$E$P$D$K$B$S$7EM$VFPi3$EXTD16$VFPS$VFMA$PE$A:L22UL41UL21$X:L11$S22US41US21$IEEE1$IW$USESV6$~STKCKD$USESV7$~SHL$OTIME$ROPI$EBA8$UX$STANDARDLIB$REQ8$PRES8$EABIv2 0x00000000   Number         0  anon$$obj.o ABSOLUTE
    __ARM_use_no_argv                        0x00000000   Number         0  main.o ABSOLUTE
    __ARM_exceptions_init                     - Undefined Weak Reference
    __alloca_initialize                       - Undefined Weak Reference
    __arm_fini_                               - Undefined Weak Reference
    __arm_preinit_                            - Undefined Weak Reference
    __cpp_initialize__aeabi_                  - Undefined Weak Reference
    __cxa_finalize                            - Undefined Weak Reference
    __rt_locale                               - Undefined Weak Reference
    __sigvec_lookup                           - Undefined Weak Reference
    __user_heap_extent                        - Undefined Weak Reference
    _atexit_init                              - Undefined Weak Reference
    _call_atexit_fns                          - Undefined Weak Reference
    _clock_init                               - Undefined Weak Reference
    _fp_trap_init                             - Undefined Weak Reference
    _fp_trap_shutdown                         - Undefined Weak Reference
    _get_lc_collate                           - Undefined Weak Reference
    _get_lc_ctype                             - Undefined Weak Reference
    _get_lc_monetary                          - Undefined Weak Reference
    _get_lc_numeric                           - Undefined Weak Reference
    _get_lc_time                              - Undefined Weak Reference
    _getenv_init                              - Undefined Weak Reference
    _handle_redirection                       - Undefined Weak Reference
    _initio                                   - Undefined Weak Reference
    _mutex_acquire                            - Undefined Weak Reference
    _mutex_free                               - Undefined Weak Reference
    _mutex_release                            - Undefined Weak Reference
    _rand_init                                - Undefined Weak Reference
    _signal_finish                            - Undefined Weak Reference
    _signal_init                              - Undefined Weak Reference
    _terminateio                              - Undefined Weak Reference
    __Vectors_Size                           0x000001ac   Number         0  startup_stm32f429xx.o ABSOLUTE
    __Vectors                                0x08000000   Data           4  startup_stm32f429xx.o(RESET)
    __Vectors_End                            0x080001ac   Data           0  startup_stm32f429xx.o(RESET)
    __main                                   0x080001ad   Thumb Code     8  __main.o(!!!main)
    __scatterload                            0x080001b5   Thumb Code     0  __scatter.o(!!!scatter)
    __scatterload_rt2                        0x080001b5   Thumb Code    44  __scatter.o(!!!scatter)
    __scatterload_rt2_thumb_only             0x080001b5   Thumb Code     0  __scatter.o(!!!scatter)
    __scatterload_null                       0x080001c3   Thumb Code     0  __scatter.o(!!!scatter)
    __scatterload_copy                       0x080001e9   Thumb Code    26  __scatter_copy.o(!!handler_copy)
    __scatterload_zeroinit                   0x08000205   Thumb Code    28  __scatter_zi.o(!!handler_zi)
    __rt_lib_init                            0x08000221   Thumb Code     0  libinit.o(.ARM.Collect$$libinit$$00000000)
    __rt_lib_init_fp_1                       0x08000223   Thumb Code     0  libinit2.o(.ARM.Collect$$libinit$$00000001)
    __rt_lib_init_heap_2                     0x08000227   Thumb Code     0  libinit2.o(.ARM.Collect$$libinit$$00000005)
    __rt_lib_init_preinit_1                  0x08000227   Thumb Code     0  libinit2.o(.ARM.Collect$$libinit$$00000004)
    __rt_lib_init_alloca_1                   0x0800022f   Thumb Code     0  libinit2.o(.ARM.Collect$$libinit$$0000002E)
    __rt_lib_init_argv_1                     0x0800022f   Thumb Code     0  libinit2.o(.ARM.Collect$$libinit$$0000002C)
    __rt_lib_init_atexit_1                   0x0800022f   Thumb Code     0  libinit2.o(.ARM.Collect$$libinit$$0000001B)
    __rt_lib_init_clock_1                    0x0800022f   Thumb Code     0  libinit2.o(.ARM.Collect$$libinit$$00000021)
    __rt_lib_init_cpp_1                      0x0800022f   Thumb Code     0  libinit2.o(.ARM.Collect$$libinit$$00000032)
    __rt_lib_init_exceptions_1               0x0800022f   Thumb Code     0  libinit2.o(.ARM.Collect$$libinit$$00000030)
    __rt_lib_init_fp_trap_1                  0x0800022f   Thumb Code     0  libinit2.o(.ARM.Collect$$libinit$$0000001F)
    __rt_lib_init_getenv_1                   0x0800022f   Thumb Code     0  libinit2.o(.ARM.Collect$$libinit$$00000023)
    __rt_lib_init_heap_1                     0x0800022f   Thumb Code     0  libinit2.o(.ARM.Collect$$libinit$$0000000A)
    __rt_lib_init_lc_collate_1               0x0800022f   Thumb Code     0  libinit2.o(.ARM.Collect$$libinit$$00000011)
    __rt_lib_init_lc_ctype_1                 0x0800022f   Thumb Code     0  libinit2.o(.ARM.Collect$$libinit$$00000013)
    __rt_lib_init_lc_monetary_1              0x0800022f   Thumb Code     0  libinit2.o(.ARM.Collect$$libinit$$00000015)
    __rt_lib_init_lc_numeric_1               0x0800022f   Thumb Code     0  libinit2.o(.ARM.Collect$$libinit$$00000017)
    __rt_lib_init_lc_time_1                  0x0800022f   Thumb Code     0  libinit2.o(.ARM.Collect$$libinit$$00000019)
    __rt_lib_init_rand_1                     0x0800022f   Thumb Code     0  libinit2.o(.ARM.Collect$$libinit$$0000000E)
    __rt_lib_init_return                     0x0800022f   Thumb Code     0  libinit2.o(.ARM.Collect$$libinit$$00000033)
    __rt_lib_init_signal_1                   0x0800022f   Thumb Code     0  libinit2.o(.ARM.Collect$$libinit$$0000001D)
    __rt_lib_init_stdio_1                    0x0800022f   Thumb Code     0  libinit2.o(.ARM.Collect$$libinit$$00000025)
    __rt_lib_init_user_alloc_1               0x0800022f   Thumb Code     0  libinit2.o(.ARM.Collect$$libinit$$0000000C)
    __rt_lib_shutdown                        0x08000231   Thumb Code     0  libshutdown.o(.ARM.Collect$$libshutdown$$00000000)
    __rt_lib_shutdown_cpp_1                  0x08000233   Thumb Code     0  libshutdown2.o(.ARM.Collect$$libshutdown$$00000004)
    __rt_lib_shutdown_fini_1                 0x08000233   Thumb Code     0  libshutdown2.o(.ARM.Collect$$libshutdown$$00000002)
    __rt_lib_shutdown_fp_trap_1              0x08000233   Thumb Code     0  libshutdown2.o(.ARM.Collect$$libshutdown$$00000009)
    __rt_lib_shutdown_heap_1                 0x08000233   Thumb Code     0  libshutdown2.o(.ARM.Collect$$libshutdown$$00000011)
    __rt_lib_shutdown_return                 0x08000233   Thumb Code     0  libshutdown2.o(.ARM.Collect$$libshutdown$$00000012)
    __rt_lib_shutdown_signal_1               0x08000233   Thumb Code     0  libshutdown2.o(.ARM.Collect$$libshutdown$$0000000C)
    __rt_lib_shutdown_stdio_1                0x08000233   Thumb Code     0  libshutdown2.o(.ARM.Collect$$libshutdown$$00000006)
    __rt_lib_shutdown_user_alloc_1           0x08000233   Thumb Code     0  libshutdown2.o(.ARM.Collect$$libshutdown$$0000000E)
    __rt_entry                               0x08000235   Thumb Code     0  __rtentry.o(.ARM.Collect$$rtentry$$00000000)
    __rt_entry_presh_1                       0x08000235   Thumb Code     0  __rtentry2.o(.ARM.Collect$$rtentry$$00000002)
    __rt_entry_sh                            0x08000235   Thumb Code     0  __rtentry4.o(.ARM.Collect$$rtentry$$00000004)
    __rt_entry_li                            0x0800023b   Thumb Code     0  __rtentry2.o(.ARM.Collect$$rtentry$$0000000A)
    __rt_entry_postsh_1                      0x0800023b   Thumb Code     0  __rtentry2.o(.ARM.Collect$$rtentry$$00000009)
    __rt_entry_main                          0x0800023f   Thumb Code     0  __rtentry2.o(.ARM.Collect$$rtentry$$0000000D)
    __rt_entry_postli_1                      0x0800023f   Thumb Code     0  __rtentry2.o(.ARM.Collect$$rtentry$$0000000C)
    __rt_exit                                0x08000247   Thumb Code     0  rtexit.o(.ARM.Collect$$rtexit$$00000000)
    __rt_exit_ls                             0x08000249   Thumb Code     0  rtexit2.o(.ARM.Collect$$rtexit$$00000003)
    __rt_exit_prels_1                        0x08000249   Thumb Code     0  rtexit2.o(.ARM.Collect$$rtexit$$00000002)
    __rt_exit_exit                           0x0800024d   Thumb Code     0  rtexit2.o(.ARM.Collect$$rtexit$$00000004)
    Reset_Handler                            0x08000255   Thumb Code     8  startup_stm32f429xx.o(.text)
    _maybe_terminate_alloc                   0x08000255   Thumb Code     0  maybetermalloc1.o(.emb_text)
    ADC_IRQHandler                           0x0800026f   Thumb Code     0  startup_stm32f429xx.o(.text)
    CAN1_RX0_IRQHandler                      0x0800026f   Thumb Code     0  startup_stm32f429xx.o(.text)
    CAN1_RX1_IRQHandler                      0x0800026f   Thumb Code     0  startup_stm32f429xx.o(.text)
    CAN1_SCE_IRQHandler                      0x0800026f   Thumb Code     0  startup_stm32f429xx.o(.text)
    CAN1_TX_IRQHandler                       0x0800026f   Thumb Code     0  startup_stm32f429xx.o(.text)
    CAN2_RX0_IRQHandler                      0x0800026f   Thumb Code     0  startup_stm32f429xx.o(.text)
    CAN2_RX1_IRQHandler                      0x0800026f   Thumb Code     0  startup_stm32f429xx.o(.text)
    CAN2_SCE_IRQHandler                      0x0800026f   Thumb Code     0  startup_stm32f429xx.o(.text)
    CAN2_TX_IRQHandler                       0x0800026f   Thumb Code     0  startup_stm32f429xx.o(.text)
    DCMI_IRQHandler                          0x0800026f   Thumb Code     0  startup_stm32f429xx.o(.text)
    DMA1_Stream0_IRQHandler                  0x0800026f   Thumb Code     0  startup_stm32f429xx.o(.text)
    DMA1_Stream1_IRQHandler                  0x0800026f   Thumb Code     0  startup_stm32f429xx.o(.text)
    DMA1_Stream2_IRQHandler                  0x0800026f   Thumb Code     0  startup_stm32f429xx.o(.text)
    DMA1_Stream3_IRQHandler                  0x0800026f   Thumb Code     0  startup_stm32f429xx.o(.text)
    DMA1_Stream4_IRQHandler                  0x0800026f   Thumb Code     0  startup_stm32f429xx.o(.text)
    DMA1_Stream5_IRQHandler                  0x0800026f   Thumb Code     0  startup_stm32f429xx.o(.text)
    DMA1_Stream6_IRQHandler                  0x0800026f   Thumb Code     0  startup_stm32f429xx.o(.text)
    DMA1_Stream7_IRQHandler                  0x0800026f   Thumb Code     0  startup_stm32f429xx.o(.text)
    DMA2D_IRQHandler                         0x0800026f   Thumb Code     0  startup_stm32f429xx.o(.text)
    DMA2_Stream0_IRQHandler                  0x0800026f   Thumb Code     0  startup_stm32f429xx.o(.text)
    DMA2_Stream1_IRQHandler                  0x0800026f   Thumb Code     0  startup_stm32f429xx.o(.text)
    DMA2_Stream2_IRQHandler                  0x0800026f   Thumb Code     0  startup_stm32f429xx.o(.text)
    DMA2_Stream3_IRQHandler                  0x0800026f   Thumb Code     0  startup_stm32f429xx.o(.text)
    DMA2_Stream4_IRQHandler                  0x0800026f   Thumb Code     0  startup_stm32f429xx.o(.text)
    DMA2_Stream5_IRQHandler                  0x0800026f   Thumb Code     0  startup_stm32f429xx.o(.text)
    DMA2_Stream6_IRQHandler                  0x0800026f   Thumb Code     0  startup_stm32f429xx.o(.text)
    DMA2_Stream7_IRQHandler                  0x0800026f   Thumb Code     0  startup_stm32f429xx.o(.text)
    ETH_IRQHandler                           0x0800026f   Thumb Code     0  startup_stm32f429xx.o(.text)
    ETH_WKUP_IRQHandler                      0x0800026f   Thumb Code     0  startup_stm32f429xx.o(.text)
    EXTI0_IRQHandler                         0x0800026f   Thumb Code     0  startup_stm32f429xx.o(.text)
    EXTI15_10_IRQHandler                     0x0800026f   Thumb Code     0  startup_stm32f429xx.o(.text)
    EXTI1_IRQHandler                         0x0800026f   Thumb Code     0  startup_stm32f429xx.o(.text)
    EXTI2_IRQHandler                         0x0800026f   Thumb Code     0  startup_stm32f429xx.o(.text)
    EXTI3_IRQHandler                         0x0800026f   Thumb Code     0  startup_stm32f429xx.o(.text)
    EXTI4_IRQHandler                         0x0800026f   Thumb Code     0  startup_stm32f429xx.o(.text)
    EXTI9_5_IRQHandler                       0x0800026f   Thumb Code     0  startup_stm32f429xx.o(.text)
    FLASH_IRQHandler                         0x0800026f   Thumb Code     0  startup_stm32f429xx.o(.text)
    FMC_IRQHandler                           0x0800026f   Thumb Code     0  startup_stm32f429xx.o(.text)
    FPU_IRQHandler                           0x0800026f   Thumb Code     0  startup_stm32f429xx.o(.text)
    HASH_RNG_IRQHandler                      0x0800026f   Thumb Code     0  startup_stm32f429xx.o(.text)
    I2C1_ER_IRQHandler                       0x0800026f   Thumb Code     0  startup_stm32f429xx.o(.text)
    I2C1_EV_IRQHandler                       0x0800026f   Thumb Code     0  startup_stm32f429xx.o(.text)
    I2C2_ER_IRQHandler                       0x0800026f   Thumb Code     0  startup_stm32f429xx.o(.text)
    I2C2_EV_IRQHandler                       0x0800026f   Thumb Code     0  startup_stm32f429xx.o(.text)
    I2C3_ER_IRQHandler                       0x0800026f   Thumb Code     0  startup_stm32f429xx.o(.text)
    I2C3_EV_IRQHandler                       0x0800026f   Thumb Code     0  startup_stm32f429xx.o(.text)
    LTDC_ER_IRQHandler                       0x0800026f   Thumb Code     0  startup_stm32f429xx.o(.text)
    LTDC_IRQHandler                          0x0800026f   Thumb Code     0  startup_stm32f429xx.o(.text)
    OTG_FS_IRQHandler                        0x0800026f   Thumb Code     0  startup_stm32f429xx.o(.text)
    OTG_FS_WKUP_IRQHandler                   0x0800026f   Thumb Code     0  startup_stm32f429xx.o(.text)
    OTG_HS_EP1_IN_IRQHandler                 0x0800026f   Thumb Code     0  startup_stm32f429xx.o(.text)
    OTG_HS_EP1_OUT_IRQHandler                0x0800026f   Thumb Code     0  startup_stm32f429xx.o(.text)
    OTG_HS_IRQHandler                        0x0800026f   Thumb Code     0  startup_stm32f429xx.o(.text)
    OTG_HS_WKUP_IRQHandler                   0x0800026f   Thumb Code     0  startup_stm32f429xx.o(.text)
    PVD_IRQHandler                           0x0800026f   Thumb Code     0  startup_stm32f429xx.o(.text)
    RCC_IRQHandler                           0x0800026f   Thumb Code     0  startup_stm32f429xx.o(.text)
    RTC_Alarm_IRQHandler                     0x0800026f   Thumb Code     0  startup_stm32f429xx.o(.text)
    RTC_WKUP_IRQHandler                      0x0800026f   Thumb Code     0  startup_stm32f429xx.o(.text)
    SAI1_IRQHandler                          0x0800026f   Thumb Code     0  startup_stm32f429xx.o(.text)
    SDIO_IRQHandler                          0x0800026f   Thumb Code     0  startup_stm32f429xx.o(.text)
    SPI1_IRQHandler                          0x0800026f   Thumb Code     0  startup_stm32f429xx.o(.text)
    SPI2_IRQHandler                          0x0800026f   Thumb Code     0  startup_stm32f429xx.o(.text)
    SPI3_IRQHandler                          0x0800026f   Thumb Code     0  startup_stm32f429xx.o(.text)
    SPI4_IRQHandler                          0x0800026f   Thumb Code     0  startup_stm32f429xx.o(.text)
    SPI5_IRQHandler                          0x0800026f   Thumb Code     0  startup_stm32f429xx.o(.text)
    SPI6_IRQHandler                          0x0800026f   Thumb Code     0  startup_stm32f429xx.o(.text)
    TAMP_STAMP_IRQHandler                    0x0800026f   Thumb Code     0  startup_stm32f429xx.o(.text)
    TIM1_BRK_TIM9_IRQHandler                 0x0800026f   Thumb Code     0  startup_stm32f429xx.o(.text)
    TIM1_CC_IRQHandler                       0x0800026f   Thumb Code     0  startup_stm32f429xx.o(.text)
    TIM1_TRG_COM_TIM11_IRQHandler            0x0800026f   Thumb Code     0  startup_stm32f429xx.o(.text)
    TIM1_UP_TIM10_IRQHandler                 0x0800026f   Thumb Code     0  startup_stm32f429xx.o(.text)
    TIM2_IRQHandler                          0x0800026f   Thumb Code     0  startup_stm32f429xx.o(.text)
    TIM3_IRQHandler                          0x0800026f   Thumb Code     0  startup_stm32f429xx.o(.text)
    TIM4_IRQHandler                          0x0800026f   Thumb Code     0  startup_stm32f429xx.o(.text)
    TIM5_IRQHandler                          0x0800026f   Thumb Code     0  startup_stm32f429xx.o(.text)
    TIM6_DAC_IRQHandler                      0x0800026f   Thumb Code     0  startup_stm32f429xx.o(.text)
    TIM7_IRQHandler                          0x0800026f   Thumb Code     0  startup_stm32f429xx.o(.text)
    TIM8_BRK_TIM12_IRQHandler                0x0800026f   Thumb Code     0  startup_stm32f429xx.o(.text)
    TIM8_CC_IRQHandler                       0x0800026f   Thumb Code     0  startup_stm32f429xx.o(.text)
    TIM8_TRG_COM_TIM14_IRQHandler            0x0800026f   Thumb Code     0  startup_stm32f429xx.o(.text)
    TIM8_UP_TIM13_IRQHandler                 0x0800026f   Thumb Code     0  startup_stm32f429xx.o(.text)
    UART4_IRQHandler                         0x0800026f   Thumb Code     0  startup_stm32f429xx.o(.text)
    UART5_IRQHandler                         0x0800026f   Thumb Code     0  startup_stm32f429xx.o(.text)
    UART7_IRQHandler                         0x0800026f   Thumb Code     0  startup_stm32f429xx.o(.text)
    UART8_IRQHandler                         0x0800026f   Thumb Code     0  startup_stm32f429xx.o(.text)
    USART1_IRQHandler                        0x0800026f   Thumb Code     0  startup_stm32f429xx.o(.text)
    USART3_IRQHandler                        0x0800026f   Thumb Code     0  startup_stm32f429xx.o(.text)
    USART6_IRQHandler                        0x0800026f   Thumb Code     0  startup_stm32f429xx.o(.text)
    WWDG_IRQHandler                          0x0800026f   Thumb Code     0  startup_stm32f429xx.o(.text)
    __user_initial_stackheap                 0x08000271   Thumb Code     0  startup_stm32f429xx.o(.text)
    malloc                                   0x08000295   Thumb Code    94  h1_alloc.o(.text)
    __aeabi_uldivmod                         0x080002f3   Thumb Code     0  lludivv7m.o(.text)
    _ll_udiv                                 0x080002f3   Thumb Code   238  lludivv7m.o(.text)
    __aeabi_memclr4                          0x080003e1   Thumb Code     0  rt_memclr_w.o(.text)
    __aeabi_memclr8                          0x080003e1   Thumb Code     0  rt_memclr_w.o(.text)
    __rt_memclr_w                            0x080003e1   Thumb Code    78  rt_memclr_w.o(.text)
    _memset_w                                0x080003e5   Thumb Code     0  rt_memclr_w.o(.text)
    __use_two_region_memory                  0x0800042f   Thumb Code     2  heapauxi.o(.text)
    __rt_heap_escrow                         0x08000431   Thumb Code     2  heapauxi.o(.text)
    __rt_heap_expand                         0x08000433   Thumb Code     2  heapauxi.o(.text)
    __rt_heap_descriptor                     0x08000435   Thumb Code     8  rt_heap_descriptor_intlibspace.o(.text)
    __use_no_heap                            0x0800043d   Thumb Code     2  hguard.o(.text)
    __heap$guard                             0x0800043f   Thumb Code     2  hguard.o(.text)
    _terminate_user_alloc                    0x08000441   Thumb Code     2  init_alloc.o(.text)
    _init_user_alloc                         0x08000443   Thumb Code     2  init_alloc.o(.text)
    __Heap_Full                              0x08000445   Thumb Code    34  init_alloc.o(.text)
    __Heap_Broken                            0x08000467   Thumb Code     6  init_alloc.o(.text)
    _init_alloc                              0x0800046d   Thumb Code    94  init_alloc.o(.text)
    __Heap_Initialize                        0x080004cb   Thumb Code    10  h1_init.o(.text)
    __Heap_DescSize                          0x080004d5   Thumb Code     4  h1_init.o(.text)
    free                                     0x080004d9   Thumb Code    78  h1_free.o(.text)
    __user_libspace                          0x08000529   Thumb Code     8  libspace.o(.text)
    __user_perproc_libspace                  0x08000529   Thumb Code     0  libspace.o(.text)
    __user_perthread_libspace                0x08000529   Thumb Code     0  libspace.o(.text)
    __Heap_ProvideMemory                     0x08000531   Thumb Code    52  h1_extend.o(.text)
    __rt_SIGRTMEM                            0x08000565   Thumb Code    14  defsig_rtmem_outer.o(.text)
    __I$use$semihosting                      0x08000573   Thumb Code     0  use_no_semi.o(.text)
    __use_no_semihosting_swi                 0x08000573   Thumb Code     2  use_no_semi.o(.text)
    __semihosting_library_function           0x08000575   Thumb Code     0  indicate_semi.o(.text)
    __user_setup_stackheap                   0x08000575   Thumb Code    74  sys_stackheap_outer.o(.text)
    exit                                     0x080005bf   Thumb Code    18  exit.o(.text)
    __sig_exit                               0x080005d1   Thumb Code    10  defsig_exit.o(.text)
    __rt_SIGRTMEM_inner                      0x080005dd   Thumb Code    22  defsig_rtmem_inner.o(.text)
    _sys_exit                                0x0800062d   Thumb Code     8  sys_exit.o(.text)
    __default_signal_display                 0x08000639   Thumb Code    50  defsig_general.o(.text)
    _ttywrch                                 0x0800066b   Thumb Code    14  sys_wrch.o(.text)
    BusFault_Handler                         0x080007a1   Thumb Code     2  stm32f4xx_it.o(i.BusFault_Handler)
    DebugMon_Handler                         0x080007a3   Thumb Code     2  stm32f4xx_it.o(i.DebugMon_Handler)
    HAL_ADC_ConfigChannel                    0x080007a5   Thumb Code   334  stm32f4xx_hal_adc.o(i.HAL_ADC_ConfigChannel)
    HAL_ADC_GetValue                         0x08000909   Thumb Code     6  stm32f4xx_hal_adc.o(i.HAL_ADC_GetValue)
    HAL_ADC_Init                             0x0800090f   Thumb Code    84  stm32f4xx_hal_adc.o(i.HAL_ADC_Init)
    HAL_ADC_MspInit                          0x08000965   Thumb Code   126  stm32f4xx_hal_msp.o(i.HAL_ADC_MspInit)
    HAL_ADC_PollForConversion                0x080009f5   Thumb Code   170  stm32f4xx_hal_adc.o(i.HAL_ADC_PollForConversion)
    HAL_ADC_Start                            0x08000aa1   Thumb Code   228  stm32f4xx_hal_adc.o(i.HAL_ADC_Start)
    HAL_ADC_Stop                             0x08000b9d   Thumb Code    60  stm32f4xx_hal_adc.o(i.HAL_ADC_Stop)
    HAL_DMA_Abort                            0x08000bd9   Thumb Code   146  stm32f4xx_hal_dma.o(i.HAL_DMA_Abort)
    HAL_DMA_Abort_IT                         0x08000c6b   Thumb Code    36  stm32f4xx_hal_dma.o(i.HAL_DMA_Abort_IT)
    HAL_Delay                                0x08000c91   Thumb Code    32  stm32f4xx_hal.o(i.HAL_Delay)
    HAL_GPIO_Init                            0x08000cb5   Thumb Code   510  stm32f4xx_hal_gpio.o(i.HAL_GPIO_Init)
    HAL_GPIO_ReadPin                         0x08000ee9   Thumb Code    10  stm32f4xx_hal_gpio.o(i.HAL_GPIO_ReadPin)
    HAL_GPIO_WritePin                        0x08000ef3   Thumb Code    10  stm32f4xx_hal_gpio.o(i.HAL_GPIO_WritePin)
    HAL_GetTick                              0x08000efd   Thumb Code     6  stm32f4xx_hal.o(i.HAL_GetTick)
    HAL_I2CEx_ConfigAnalogFilter             0x08000f09   Thumb Code    66  stm32f4xx_hal_i2c_ex.o(i.HAL_I2CEx_ConfigAnalogFilter)
    HAL_I2CEx_ConfigDigitalFilter            0x08000f4b   Thumb Code    62  stm32f4xx_hal_i2c_ex.o(i.HAL_I2CEx_ConfigDigitalFilter)
    HAL_I2C_Init                             0x08000f89   Thumb Code   376  stm32f4xx_hal_i2c.o(i.HAL_I2C_Init)
    HAL_I2C_Master_Transmit                  0x08001111   Thumb Code   290  stm32f4xx_hal_i2c.o(i.HAL_I2C_Master_Transmit)
    HAL_I2C_MspInit                          0x0800123d   Thumb Code    90  stm32f4xx_hal_msp.o(i.HAL_I2C_MspInit)
    HAL_IncTick                              0x080012a5   Thumb Code    12  stm32f4xx_hal.o(i.HAL_IncTick)
    HAL_Init                                 0x080012b5   Thumb Code    48  stm32f4xx_hal.o(i.HAL_Init)
    HAL_InitTick                             0x080012e9   Thumb Code    54  stm32f4xx_hal.o(i.HAL_InitTick)
    HAL_MspInit                              0x08001329   Thumb Code    42  stm32f4xx_hal_msp.o(i.HAL_MspInit)
    HAL_NVIC_EnableIRQ                       0x08001359   Thumb Code    26  stm32f4xx_hal_cortex.o(i.HAL_NVIC_EnableIRQ)
    HAL_NVIC_SetPriority                     0x08001375   Thumb Code    60  stm32f4xx_hal_cortex.o(i.HAL_NVIC_SetPriority)
    HAL_NVIC_SetPriorityGrouping             0x080013b5   Thumb Code    26  stm32f4xx_hal_cortex.o(i.HAL_NVIC_SetPriorityGrouping)
    HAL_RCC_ClockConfig                      0x080013d9   Thumb Code   288  stm32f4xx_hal_rcc.o(i.HAL_RCC_ClockConfig)
    HAL_RCC_GetPCLK1Freq                     0x0800150d   Thumb Code    20  stm32f4xx_hal_rcc.o(i.HAL_RCC_GetPCLK1Freq)
    HAL_RCC_GetPCLK2Freq                     0x0800152d   Thumb Code    20  stm32f4xx_hal_rcc.o(i.HAL_RCC_GetPCLK2Freq)
    HAL_RCC_GetSysClockFreq                  0x0800154d   Thumb Code    88  stm32f4xx_hal_rcc.o(i.HAL_RCC_GetSysClockFreq)
    HAL_RCC_OscConfig                        0x080015ad   Thumb Code   856  stm32f4xx_hal_rcc.o(i.HAL_RCC_OscConfig)
    HAL_SYSTICK_Config                       0x08001919   Thumb Code    40  stm32f4xx_hal_cortex.o(i.HAL_SYSTICK_Config)
    HAL_TIMEx_MasterConfigSynchronization    0x08001941   Thumb Code   116  stm32f4xx_hal_tim_ex.o(i.HAL_TIMEx_MasterConfigSynchronization)
    HAL_TIM_Base_Init                        0x080019d1   Thumb Code    90  stm32f4xx_hal_tim.o(i.HAL_TIM_Base_Init)
    HAL_TIM_Base_MspInit                     0x08001a2d   Thumb Code    30  stm32f4xx_hal_msp.o(i.HAL_TIM_Base_MspInit)
    HAL_TIM_Base_Start                       0x08001a51   Thumb Code    90  stm32f4xx_hal_tim.o(i.HAL_TIM_Base_Start)
    HAL_TIM_ConfigClockSource                0x08001ac9   Thumb Code   220  stm32f4xx_hal_tim.o(i.HAL_TIM_ConfigClockSource)
    HAL_UARTEx_RxEventCallback               0x08001ba5   Thumb Code     2  stm32f4xx_hal_uart.o(i.HAL_UARTEx_RxEventCallback)
    HAL_UART_ErrorCallback                   0x08001ba7   Thumb Code     2  stm32f4xx_hal_uart.o(i.HAL_UART_ErrorCallback)
    HAL_UART_IRQHandler                      0x08001ba9   Thumb Code   610  stm32f4xx_hal_uart.o(i.HAL_UART_IRQHandler)
    HAL_UART_Init                            0x08001e11   Thumb Code    98  stm32f4xx_hal_uart.o(i.HAL_UART_Init)
    HAL_UART_MspInit                         0x08001e75   Thumb Code   108  stm32f4xx_hal_msp.o(i.HAL_UART_MspInit)
    HAL_UART_Receive_IT                      0x08001eed   Thumb Code    42  stm32f4xx_hal_uart.o(i.HAL_UART_Receive_IT)
    HAL_UART_RxCpltCallback                  0x08001f19   Thumb Code    60  main.o(i.HAL_UART_RxCpltCallback)
    HAL_UART_Transmit                        0x08001f59   Thumb Code   178  stm32f4xx_hal_uart.o(i.HAL_UART_Transmit)
    HAL_UART_TxCpltCallback                  0x0800200b   Thumb Code     2  main.o(i.HAL_UART_TxCpltCallback)
    HardFault_Handler                        0x0800200d   Thumb Code     2  stm32f4xx_it.o(i.HardFault_Handler)
    MemManage_Handler                        0x080025a1   Thumb Code     2  stm32f4xx_it.o(i.MemManage_Handler)
    NMI_Handler                              0x080025a3   Thumb Code     2  stm32f4xx_it.o(i.NMI_Handler)
    PendSV_Handler                           0x080025a5   Thumb Code     2  stm32f4xx_it.o(i.PendSV_Handler)
    SVC_Handler                              0x080025a7   Thumb Code     2  stm32f4xx_it.o(i.SVC_Handler)
    SysTick_Handler                          0x080025a9   Thumb Code     4  stm32f4xx_it.o(i.SysTick_Handler)
    SystemClock_Config                       0x080025ad   Thumb Code   138  main.o(i.SystemClock_Config)
    SystemInit                               0x08002641   Thumb Code    12  system_stm32f4xx.o(i.SystemInit)
    TIM_Base_SetConfig                       0x08002651   Thumb Code   156  stm32f4xx_hal_tim.o(i.TIM_Base_SetConfig)
    TIM_ETR_SetConfig                        0x08002719   Thumb Code    20  stm32f4xx_hal_tim.o(i.TIM_ETR_SetConfig)
    UART_Start_Receive_IT                    0x080029ad   Thumb Code    54  stm32f4xx_hal_uart.o(i.UART_Start_Receive_IT)
    USART2_IRQHandler                        0x08002a5d   Thumb Code     6  stm32f4xx_it.o(i.USART2_IRQHandler)
    UsageFault_Handler                       0x08002a69   Thumb Code     2  stm32f4xx_it.o(i.UsageFault_Handler)
    calibration                              0x08002a8d   Thumb Code  1432  remotecontrol.o(i.calibration)
    checkMachineStatus                       0x0800304d   Thumb Code   252  remotecontrol.o(i.checkMachineStatus)
    crc8                                     0x080031c1   Thumb Code    50  remotecontrol.o(i.crc8)
    displayControl                           0x080031f5   Thumb Code   232  display.o(i.displayControl)
    getServoValue                            0x080032e1   Thumb Code    34  joystick.o(i.getServoValue)
    getStateButton                           0x08003305   Thumb Code    90  joystick.o(i.getStateButton)
    getStepValue                             0x08003365   Thumb Code    34  joystick.o(i.getStepValue)
    lcd_clear                                0x08003387   Thumb Code    24  display.o(i.lcd_clear)
    lcd_init                                 0x0800339f   Thumb Code   120  display.o(i.lcd_init)
    lcd_put_cur                              0x08003417   Thumb Code    24  display.o(i.lcd_put_cur)
    lcd_send_cmd                             0x08003431   Thumb Code    58  display.o(i.lcd_send_cmd)
    lcd_send_data                            0x08003471   Thumb Code    58  display.o(i.lcd_send_data)
    lcd_send_string                          0x080034b1   Thumb Code    20  display.o(i.lcd_send_string)
    main                                     0x080034c5   Thumb Code   434  main.o(i.main)
    sendValue                                0x080036c5   Thumb Code   202  remotecontrol.o(i.sendValue)
    __aeabi_d2f                              0x08003791   Thumb Code     0  d2f.o(x$fpl$d2f)
    _d2f                                     0x08003791   Thumb Code    98  d2f.o(x$fpl$d2f)
    __aeabi_ddiv                             0x080037f5   Thumb Code     0  ddiv.o(x$fpl$ddiv)
    _ddiv                                    0x080037f5   Thumb Code   552  ddiv.o(x$fpl$ddiv)
    __aeabi_i2d                              0x08003aa5   Thumb Code     0  dflt_clz.o(x$fpl$dflt)
    _dflt                                    0x08003aa5   Thumb Code    46  dflt_clz.o(x$fpl$dflt)
    __fpl_dnaninf                            0x08003ad3   Thumb Code   156  dnaninf.o(x$fpl$dnaninf)
    __fpl_dretinf                            0x08003b6f   Thumb Code    12  dretinf.o(x$fpl$dretinf)
    _fp_init                                 0x08003b7b   Thumb Code    10  fpinit.o(x$fpl$fpinit)
    __fplib_config_fpu_vfp                   0x08003b83   Thumb Code     0  fpinit.o(x$fpl$fpinit)
    __fplib_config_pureend_doubles           0x08003b83   Thumb Code     0  fpinit.o(x$fpl$fpinit)
    __fpl_fretinf                            0x08003b85   Thumb Code    10  fretinf.o(x$fpl$fretinf)
    AHBPrescTable                            0x08003b8e   Data          16  system_stm32f4xx.o(.constdata)
    __I$use$fp                               0x08003b8e   Number         0  usenofp.o(x$fpl$usenofp)
    APBPrescTable                            0x08003b9e   Data           8  system_stm32f4xx.o(.constdata)
    Region$$Table$$Base                      0x08003ba8   Number         0  anon$$obj.o(Region$$Table)
    Region$$Table$$Limit                     0x08003bc8   Number         0  anon$$obj.o(Region$$Table)
    counter                                  0x20000000   Data           1  main.o(.data)
    end_data_transmition                     0x20000001   Data           1  main.o(.data)
    buttonState                              0x20000002   Data           1  main.o(.data)
    buttonCount                              0x20000003   Data           1  main.o(.data)
    getData                                  0x20000004   Data           1  main.o(.data)
    Servo                                    0x20000006   Data           2  main.o(.data)
    Step                                     0x20000008   Data           2  main.o(.data)
    response                                 0x2000000a   Data           6  main.o(.data)
    uwTickFreq                               0x20000010   Data           1  stm32f4xx_hal.o(.data)
    uwTickPrio                               0x20000014   Data           4  stm32f4xx_hal.o(.data)
    uwTick                                   0x20000018   Data           4  stm32f4xx_hal.o(.data)
    SystemCoreClock                          0x2000001c   Data           4  system_stm32f4xx.o(.data)
    hadc1                                    0x20000020   Data          72  main.o(.bss)
    hadc2                                    0x20000068   Data          72  main.o(.bss)
    hi2c2                                    0x200000b0   Data          84  main.o(.bss)
    htim2                                    0x20000104   Data          72  main.o(.bss)
    huart2                                   0x2000014c   Data          68  main.o(.bss)
    c                                        0x20000190   Data          16  main.o(.bss)
    __libspace_start                         0x200001a0   Data          96  libspace.o(.bss)
    __temporary_stack_top$libspace           0x20000200   Data           0  libspace.o(.bss)



==============================================================================

Memory Map of the image

  Image Entry point : 0x080001ad

  Load Region LR_IROM1 (Base: 0x08000000, Size: 0x00003be8, Max: 0x00200000, ABSOLUTE)

    Execution Region ER_IROM1 (Exec base: 0x08000000, Load base: 0x08000000, Size: 0x00003bc8, Max: 0x00200000, ABSOLUTE)

    Exec Addr    Load Addr    Size         Type   Attr      Idx    E Section Name        Object

    0x08000000   0x08000000   0x000001ac   Data   RO            3    RESET               startup_stm32f429xx.o
    0x080001ac   0x080001ac   0x00000008   Code   RO         3910  * !!!main             c_w.l(__main.o)
    0x080001b4   0x080001b4   0x00000034   Code   RO         4150    !!!scatter          c_w.l(__scatter.o)
    0x080001e8   0x080001e8   0x0000001a   Code   RO         4152    !!handler_copy      c_w.l(__scatter_copy.o)
    0x08000202   0x08000202   0x00000002   PAD
    0x08000204   0x08000204   0x0000001c   Code   RO         4154    !!handler_zi        c_w.l(__scatter_zi.o)
    0x08000220   0x08000220   0x00000002   Code   RO         4087    .ARM.Collect$$libinit$$00000000  c_w.l(libinit.o)
    0x08000222   0x08000222   0x00000004   Code   RO         3966    .ARM.Collect$$libinit$$00000001  c_w.l(libinit2.o)
    0x08000226   0x08000226   0x00000000   Code   RO         3969    .ARM.Collect$$libinit$$00000004  c_w.l(libinit2.o)
    0x08000226   0x08000226   0x00000008   Code   RO         3970    .ARM.Collect$$libinit$$00000005  c_w.l(libinit2.o)
    0x0800022e   0x0800022e   0x00000000   Code   RO         3972    .ARM.Collect$$libinit$$0000000A  c_w.l(libinit2.o)
    0x0800022e   0x0800022e   0x00000000   Code   RO         3974    .ARM.Collect$$libinit$$0000000C  c_w.l(libinit2.o)
    0x0800022e   0x0800022e   0x00000000   Code   RO         3976    .ARM.Collect$$libinit$$0000000E  c_w.l(libinit2.o)
    0x0800022e   0x0800022e   0x00000000   Code   RO         3979    .ARM.Collect$$libinit$$00000011  c_w.l(libinit2.o)
    0x0800022e   0x0800022e   0x00000000   Code   RO         3981    .ARM.Collect$$libinit$$00000013  c_w.l(libinit2.o)
    0x0800022e   0x0800022e   0x00000000   Code   RO         3983    .ARM.Collect$$libinit$$00000015  c_w.l(libinit2.o)
    0x0800022e   0x0800022e   0x00000000   Code   RO         3985    .ARM.Collect$$libinit$$00000017  c_w.l(libinit2.o)
    0x0800022e   0x0800022e   0x00000000   Code   RO         3987    .ARM.Collect$$libinit$$00000019  c_w.l(libinit2.o)
    0x0800022e   0x0800022e   0x00000000   Code   RO         3989    .ARM.Collect$$libinit$$0000001B  c_w.l(libinit2.o)
    0x0800022e   0x0800022e   0x00000000   Code   RO         3991    .ARM.Collect$$libinit$$0000001D  c_w.l(libinit2.o)
    0x0800022e   0x0800022e   0x00000000   Code   RO         3993    .ARM.Collect$$libinit$$0000001F  c_w.l(libinit2.o)
    0x0800022e   0x0800022e   0x00000000   Code   RO         3995    .ARM.Collect$$libinit$$00000021  c_w.l(libinit2.o)
    0x0800022e   0x0800022e   0x00000000   Code   RO         3997    .ARM.Collect$$libinit$$00000023  c_w.l(libinit2.o)
    0x0800022e   0x0800022e   0x00000000   Code   RO         3999    .ARM.Collect$$libinit$$00000025  c_w.l(libinit2.o)
    0x0800022e   0x0800022e   0x00000000   Code   RO         4003    .ARM.Collect$$libinit$$0000002C  c_w.l(libinit2.o)
    0x0800022e   0x0800022e   0x00000000   Code   RO         4005    .ARM.Collect$$libinit$$0000002E  c_w.l(libinit2.o)
    0x0800022e   0x0800022e   0x00000000   Code   RO         4007    .ARM.Collect$$libinit$$00000030  c_w.l(libinit2.o)
    0x0800022e   0x0800022e   0x00000000   Code   RO         4009    .ARM.Collect$$libinit$$00000032  c_w.l(libinit2.o)
    0x0800022e   0x0800022e   0x00000002   Code   RO         4010    .ARM.Collect$$libinit$$00000033  c_w.l(libinit2.o)
    0x08000230   0x08000230   0x00000002   Code   RO         4147    .ARM.Collect$$libshutdown$$00000000  c_w.l(libshutdown.o)
    0x08000232   0x08000232   0x00000000   Code   RO         4103    .ARM.Collect$$libshutdown$$00000002  c_w.l(libshutdown2.o)
    0x08000232   0x08000232   0x00000000   Code   RO         4105    .ARM.Collect$$libshutdown$$00000004  c_w.l(libshutdown2.o)
    0x08000232   0x08000232   0x00000000   Code   RO         4107    .ARM.Collect$$libshutdown$$00000006  c_w.l(libshutdown2.o)
    0x08000232   0x08000232   0x00000000   Code   RO         4110    .ARM.Collect$$libshutdown$$00000009  c_w.l(libshutdown2.o)
    0x08000232   0x08000232   0x00000000   Code   RO         4113    .ARM.Collect$$libshutdown$$0000000C  c_w.l(libshutdown2.o)
    0x08000232   0x08000232   0x00000000   Code   RO         4115    .ARM.Collect$$libshutdown$$0000000E  c_w.l(libshutdown2.o)
    0x08000232   0x08000232   0x00000000   Code   RO         4118    .ARM.Collect$$libshutdown$$00000011  c_w.l(libshutdown2.o)
    0x08000232   0x08000232   0x00000002   Code   RO         4119    .ARM.Collect$$libshutdown$$00000012  c_w.l(libshutdown2.o)
    0x08000234   0x08000234   0x00000000   Code   RO         3926    .ARM.Collect$$rtentry$$00000000  c_w.l(__rtentry.o)
    0x08000234   0x08000234   0x00000000   Code   RO         4024    .ARM.Collect$$rtentry$$00000002  c_w.l(__rtentry2.o)
    0x08000234   0x08000234   0x00000006   Code   RO         4036    .ARM.Collect$$rtentry$$00000004  c_w.l(__rtentry4.o)
    0x0800023a   0x0800023a   0x00000000   Code   RO         4026    .ARM.Collect$$rtentry$$00000009  c_w.l(__rtentry2.o)
    0x0800023a   0x0800023a   0x00000004   Code   RO         4027    .ARM.Collect$$rtentry$$0000000A  c_w.l(__rtentry2.o)
    0x0800023e   0x0800023e   0x00000000   Code   RO         4029    .ARM.Collect$$rtentry$$0000000C  c_w.l(__rtentry2.o)
    0x0800023e   0x0800023e   0x00000008   Code   RO         4030    .ARM.Collect$$rtentry$$0000000D  c_w.l(__rtentry2.o)
    0x08000246   0x08000246   0x00000002   Code   RO         4090    .ARM.Collect$$rtexit$$00000000  c_w.l(rtexit.o)
    0x08000248   0x08000248   0x00000000   Code   RO         4123    .ARM.Collect$$rtexit$$00000002  c_w.l(rtexit2.o)
    0x08000248   0x08000248   0x00000004   Code   RO         4124    .ARM.Collect$$rtexit$$00000003  c_w.l(rtexit2.o)
    0x0800024c   0x0800024c   0x00000006   Code   RO         4125    .ARM.Collect$$rtexit$$00000004  c_w.l(rtexit2.o)
    0x08000252   0x08000252   0x00000002   PAD
    0x08000254   0x08000254   0x00000000   Code   RO         4042    .emb_text           c_w.l(maybetermalloc1.o)
    0x08000254   0x08000254   0x00000040   Code   RO            4    .text               startup_stm32f429xx.o
    0x08000294   0x08000294   0x0000005e   Code   RO         3850    .text               c_w.l(h1_alloc.o)
    0x080002f2   0x080002f2   0x000000ee   Code   RO         3904    .text               c_w.l(lludivv7m.o)
    0x080003e0   0x080003e0   0x0000004e   Code   RO         3906    .text               c_w.l(rt_memclr_w.o)
    0x0800042e   0x0800042e   0x00000006   Code   RO         3908    .text               c_w.l(heapauxi.o)
    0x08000434   0x08000434   0x00000008   Code   RO         3934    .text               c_w.l(rt_heap_descriptor_intlibspace.o)
    0x0800043c   0x0800043c   0x00000004   Code   RO         3936    .text               c_w.l(hguard.o)
    0x08000440   0x08000440   0x0000008a   Code   RO         3938    .text               c_w.l(init_alloc.o)
    0x080004ca   0x080004ca   0x0000000e   Code   RO         3944    .text               c_w.l(h1_init.o)
    0x080004d8   0x080004d8   0x0000004e   Code   RO         3946    .text               c_w.l(h1_free.o)
    0x08000526   0x08000526   0x00000002   PAD
    0x08000528   0x08000528   0x00000008   Code   RO         4020    .text               c_w.l(libspace.o)
    0x08000530   0x08000530   0x00000034   Code   RO         4044    .text               c_w.l(h1_extend.o)
    0x08000564   0x08000564   0x0000000e   Code   RO         4048    .text               c_w.l(defsig_rtmem_outer.o)
    0x08000572   0x08000572   0x00000002   Code   RO         4059    .text               c_w.l(use_no_semi.o)
    0x08000574   0x08000574   0x00000000   Code   RO         4061    .text               c_w.l(indicate_semi.o)
    0x08000574   0x08000574   0x0000004a   Code   RO         4062    .text               c_w.l(sys_stackheap_outer.o)
    0x080005be   0x080005be   0x00000012   Code   RO         4068    .text               c_w.l(exit.o)
    0x080005d0   0x080005d0   0x0000000a   Code   RO         4070    .text               c_w.l(defsig_exit.o)
    0x080005da   0x080005da   0x00000002   PAD
    0x080005dc   0x080005dc   0x00000050   Code   RO         4076    .text               c_w.l(defsig_rtmem_inner.o)
    0x0800062c   0x0800062c   0x0000000c   Code   RO         4088    .text               c_w.l(sys_exit.o)
    0x08000638   0x08000638   0x00000032   Code   RO         4098    .text               c_w.l(defsig_general.o)
    0x0800066a   0x0800066a   0x0000000e   Code   RO         4120    .text               c_w.l(sys_wrch.o)
    0x08000678   0x08000678   0x00000128   Code   RO          530    i.ADC_Init          stm32f4xx_hal_adc.o
    0x080007a0   0x080007a0   0x00000002   Code   RO          373    i.BusFault_Handler  stm32f4xx_it.o
    0x080007a2   0x080007a2   0x00000002   Code   RO          374    i.DebugMon_Handler  stm32f4xx_it.o
    0x080007a4   0x080007a4   0x00000164   Code   RO          532    i.HAL_ADC_ConfigChannel  stm32f4xx_hal_adc.o
    0x08000908   0x08000908   0x00000006   Code   RO          539    i.HAL_ADC_GetValue  stm32f4xx_hal_adc.o
    0x0800090e   0x0800090e   0x00000054   Code   RO          541    i.HAL_ADC_Init      stm32f4xx_hal_adc.o
    0x08000962   0x08000962   0x00000002   PAD
    0x08000964   0x08000964   0x00000090   Code   RO          456    i.HAL_ADC_MspInit   stm32f4xx_hal_msp.o
    0x080009f4   0x080009f4   0x000000aa   Code   RO          545    i.HAL_ADC_PollForConversion  stm32f4xx_hal_adc.o
    0x08000a9e   0x08000a9e   0x00000002   PAD
    0x08000aa0   0x08000aa0   0x000000fc   Code   RO          547    i.HAL_ADC_Start     stm32f4xx_hal_adc.o
    0x08000b9c   0x08000b9c   0x0000003c   Code   RO          550    i.HAL_ADC_Stop      stm32f4xx_hal_adc.o
    0x08000bd8   0x08000bd8   0x00000092   Code   RO         1319    i.HAL_DMA_Abort     stm32f4xx_hal_dma.o
    0x08000c6a   0x08000c6a   0x00000024   Code   RO         1320    i.HAL_DMA_Abort_IT  stm32f4xx_hal_dma.o
    0x08000c8e   0x08000c8e   0x00000002   PAD
    0x08000c90   0x08000c90   0x00000024   Code   RO         1756    i.HAL_Delay         stm32f4xx_hal.o
    0x08000cb4   0x08000cb4   0x00000234   Code   RO         1212    i.HAL_GPIO_Init     stm32f4xx_hal_gpio.o
    0x08000ee8   0x08000ee8   0x0000000a   Code   RO         1214    i.HAL_GPIO_ReadPin  stm32f4xx_hal_gpio.o
    0x08000ef2   0x08000ef2   0x0000000a   Code   RO         1216    i.HAL_GPIO_WritePin  stm32f4xx_hal_gpio.o
    0x08000efc   0x08000efc   0x0000000c   Code   RO         1764    i.HAL_GetTick       stm32f4xx_hal.o
    0x08000f08   0x08000f08   0x00000042   Code   RO         2451    i.HAL_I2CEx_ConfigAnalogFilter  stm32f4xx_hal_i2c_ex.o
    0x08000f4a   0x08000f4a   0x0000003e   Code   RO         2452    i.HAL_I2CEx_ConfigDigitalFilter  stm32f4xx_hal_i2c_ex.o
    0x08000f88   0x08000f88   0x00000188   Code   RO         2030    i.HAL_I2C_Init      stm32f4xx_hal_i2c.o
    0x08001110   0x08001110   0x0000012c   Code   RO         2043    i.HAL_I2C_Master_Transmit  stm32f4xx_hal_i2c.o
    0x0800123c   0x0800123c   0x00000068   Code   RO          458    i.HAL_I2C_MspInit   stm32f4xx_hal_msp.o
    0x080012a4   0x080012a4   0x00000010   Code   RO         1770    i.HAL_IncTick       stm32f4xx_hal.o
    0x080012b4   0x080012b4   0x00000034   Code   RO         1771    i.HAL_Init          stm32f4xx_hal.o
    0x080012e8   0x080012e8   0x00000040   Code   RO         1772    i.HAL_InitTick      stm32f4xx_hal.o
    0x08001328   0x08001328   0x00000030   Code   RO          459    i.HAL_MspInit       stm32f4xx_hal_msp.o
    0x08001358   0x08001358   0x0000001a   Code   RO         1619    i.HAL_NVIC_EnableIRQ  stm32f4xx_hal_cortex.o
    0x08001372   0x08001372   0x00000002   PAD
    0x08001374   0x08001374   0x00000040   Code   RO         1625    i.HAL_NVIC_SetPriority  stm32f4xx_hal_cortex.o
    0x080013b4   0x080013b4   0x00000024   Code   RO         1626    i.HAL_NVIC_SetPriorityGrouping  stm32f4xx_hal_cortex.o
    0x080013d8   0x080013d8   0x00000134   Code   RO          806    i.HAL_RCC_ClockConfig  stm32f4xx_hal_rcc.o
    0x0800150c   0x0800150c   0x00000020   Code   RO          813    i.HAL_RCC_GetPCLK1Freq  stm32f4xx_hal_rcc.o
    0x0800152c   0x0800152c   0x00000020   Code   RO          814    i.HAL_RCC_GetPCLK2Freq  stm32f4xx_hal_rcc.o
    0x0800154c   0x0800154c   0x00000060   Code   RO          815    i.HAL_RCC_GetSysClockFreq  stm32f4xx_hal_rcc.o
    0x080015ac   0x080015ac   0x0000036c   Code   RO          818    i.HAL_RCC_OscConfig  stm32f4xx_hal_rcc.o
    0x08001918   0x08001918   0x00000028   Code   RO         1630    i.HAL_SYSTICK_Config  stm32f4xx_hal_cortex.o
    0x08001940   0x08001940   0x00000090   Code   RO         3206    i.HAL_TIMEx_MasterConfigSynchronization  stm32f4xx_hal_tim_ex.o
    0x080019d0   0x080019d0   0x0000005a   Code   RO         2483    i.HAL_TIM_Base_Init  stm32f4xx_hal_tim.o
    0x08001a2a   0x08001a2a   0x00000002   PAD
    0x08001a2c   0x08001a2c   0x00000024   Code   RO          461    i.HAL_TIM_Base_MspInit  stm32f4xx_hal_msp.o
    0x08001a50   0x08001a50   0x00000078   Code   RO         2486    i.HAL_TIM_Base_Start  stm32f4xx_hal_tim.o
    0x08001ac8   0x08001ac8   0x000000dc   Code   RO         2492    i.HAL_TIM_ConfigClockSource  stm32f4xx_hal_tim.o
    0x08001ba4   0x08001ba4   0x00000002   Code   RO         3465    i.HAL_UARTEx_RxEventCallback  stm32f4xx_hal_uart.o
    0x08001ba6   0x08001ba6   0x00000002   Code   RO         3479    i.HAL_UART_ErrorCallback  stm32f4xx_hal_uart.o
    0x08001ba8   0x08001ba8   0x00000268   Code   RO         3482    i.HAL_UART_IRQHandler  stm32f4xx_hal_uart.o
    0x08001e10   0x08001e10   0x00000062   Code   RO         3483    i.HAL_UART_Init     stm32f4xx_hal_uart.o
    0x08001e72   0x08001e72   0x00000002   PAD
    0x08001e74   0x08001e74   0x00000078   Code   RO          463    i.HAL_UART_MspInit  stm32f4xx_hal_msp.o
    0x08001eec   0x08001eec   0x0000002a   Code   RO         3488    i.HAL_UART_Receive_IT  stm32f4xx_hal_uart.o
    0x08001f16   0x08001f16   0x00000002   PAD
    0x08001f18   0x08001f18   0x00000040   Code   RO          275    i.HAL_UART_RxCpltCallback  main.o
    0x08001f58   0x08001f58   0x000000b2   Code   RO         3491    i.HAL_UART_Transmit  stm32f4xx_hal_uart.o
    0x0800200a   0x0800200a   0x00000002   Code   RO          276    i.HAL_UART_TxCpltCallback  main.o
    0x0800200c   0x0800200c   0x00000002   Code   RO          375    i.HardFault_Handler  stm32f4xx_it.o
    0x0800200e   0x0800200e   0x0000002e   Code   RO         2072    i.I2C_IsAcknowledgeFailed  stm32f4xx_hal_i2c.o
    0x0800203c   0x0800203c   0x0000009c   Code   RO         2076    i.I2C_MasterRequestWrite  stm32f4xx_hal_i2c.o
    0x080020d8   0x080020d8   0x0000004c   Code   RO         2087    i.I2C_WaitOnBTFFlagUntilTimeout  stm32f4xx_hal_i2c.o
    0x08002124   0x08002124   0x00000068   Code   RO         2088    i.I2C_WaitOnFlagUntilTimeout  stm32f4xx_hal_i2c.o
    0x0800218c   0x0800218c   0x00000096   Code   RO         2089    i.I2C_WaitOnMasterAddressFlagUntilTimeout  stm32f4xx_hal_i2c.o
    0x08002222   0x08002222   0x0000004c   Code   RO         2091    i.I2C_WaitOnTXEFlagUntilTimeout  stm32f4xx_hal_i2c.o
    0x0800226e   0x0800226e   0x00000002   PAD
    0x08002270   0x08002270   0x00000060   Code   RO          277    i.MX_ADC1_Init      main.o
    0x080022d0   0x080022d0   0x00000060   Code   RO          278    i.MX_ADC2_Init      main.o
    0x08002330   0x08002330   0x000001b4   Code   RO          279    i.MX_GPIO_Init      main.o
    0x080024e4   0x080024e4   0x00000058   Code   RO          280    i.MX_I2C2_Init      main.o
    0x0800253c   0x0800253c   0x00000064   Code   RO          281    i.MX_TIM2_Init      main.o
    0x080025a0   0x080025a0   0x00000002   Code   RO          376    i.MemManage_Handler  stm32f4xx_it.o
    0x080025a2   0x080025a2   0x00000002   Code   RO          377    i.NMI_Handler       stm32f4xx_it.o
    0x080025a4   0x080025a4   0x00000002   Code   RO          378    i.PendSV_Handler    stm32f4xx_it.o
    0x080025a6   0x080025a6   0x00000002   Code   RO          379    i.SVC_Handler       stm32f4xx_it.o
    0x080025a8   0x080025a8   0x00000004   Code   RO          380    i.SysTick_Handler   stm32f4xx_it.o
    0x080025ac   0x080025ac   0x00000094   Code   RO          282    i.SystemClock_Config  main.o
    0x08002640   0x08002640   0x00000010   Code   RO         3812    i.SystemInit        system_stm32f4xx.o
    0x08002650   0x08002650   0x000000c8   Code   RO         2576    i.TIM_Base_SetConfig  stm32f4xx_hal_tim.o
    0x08002718   0x08002718   0x00000014   Code   RO         2587    i.TIM_ETR_SetConfig  stm32f4xx_hal_tim.o
    0x0800272c   0x0800272c   0x00000010   Code   RO         2588    i.TIM_ITRx_SetConfig  stm32f4xx_hal_tim.o
    0x0800273c   0x0800273c   0x00000022   Code   RO         2594    i.TIM_TI1_ConfigInputStage  stm32f4xx_hal_tim.o
    0x0800275e   0x0800275e   0x00000024   Code   RO         2596    i.TIM_TI2_ConfigInputStage  stm32f4xx_hal_tim.o
    0x08002782   0x08002782   0x00000010   Code   RO         3496    i.UART_DMAAbortOnError  stm32f4xx_hal_uart.o
    0x08002792   0x08002792   0x0000004e   Code   RO         3506    i.UART_EndRxTransfer  stm32f4xx_hal_uart.o
    0x080027e0   0x080027e0   0x000000c0   Code   RO         3508    i.UART_Receive_IT   stm32f4xx_hal_uart.o
    0x080028a0   0x080028a0   0x0000010c   Code   RO         3509    i.UART_SetConfig    stm32f4xx_hal_uart.o
    0x080029ac   0x080029ac   0x00000036   Code   RO         3511    i.UART_Start_Receive_IT  stm32f4xx_hal_uart.o
    0x080029e2   0x080029e2   0x00000078   Code   RO         3512    i.UART_WaitOnFlagUntilTimeout  stm32f4xx_hal_uart.o
    0x08002a5a   0x08002a5a   0x00000002   PAD
    0x08002a5c   0x08002a5c   0x0000000c   Code   RO          381    i.USART2_IRQHandler  stm32f4xx_it.o
    0x08002a68   0x08002a68   0x00000002   Code   RO          382    i.UsageFault_Handler  stm32f4xx_it.o
    0x08002a6a   0x08002a6a   0x00000020   Code   RO         1632    i.__NVIC_SetPriority  stm32f4xx_hal_cortex.o
    0x08002a8a   0x08002a8a   0x00000002   PAD
    0x08002a8c   0x08002a8c   0x000005c0   Code   RO           13    i.calibration       remotecontrol.o
    0x0800304c   0x0800304c   0x00000174   Code   RO           14    i.checkMachineStatus  remotecontrol.o
    0x080031c0   0x080031c0   0x00000032   Code   RO           15    i.crc8              remotecontrol.o
    0x080031f2   0x080031f2   0x00000002   PAD
    0x080031f4   0x080031f4   0x000000ec   Code   RO          214    i.displayControl    display.o
    0x080032e0   0x080032e0   0x00000022   Code   RO          178    i.getServoValue     joystick.o
    0x08003302   0x08003302   0x00000002   PAD
    0x08003304   0x08003304   0x00000060   Code   RO          179    i.getStateButton    joystick.o
    0x08003364   0x08003364   0x00000022   Code   RO          180    i.getStepValue      joystick.o
    0x08003386   0x08003386   0x00000018   Code   RO          215    i.lcd_clear         display.o
    0x0800339e   0x0800339e   0x00000078   Code   RO          216    i.lcd_init          display.o
    0x08003416   0x08003416   0x00000018   Code   RO          217    i.lcd_put_cur       display.o
    0x0800342e   0x0800342e   0x00000002   PAD
    0x08003430   0x08003430   0x00000040   Code   RO          218    i.lcd_send_cmd      display.o
    0x08003470   0x08003470   0x00000040   Code   RO          219    i.lcd_send_data     display.o
    0x080034b0   0x080034b0   0x00000014   Code   RO          220    i.lcd_send_string   display.o
    0x080034c4   0x080034c4   0x00000200   Code   RO          283    i.main              main.o
    0x080036c4   0x080036c4   0x000000ca   Code   RO           16    i.sendValue         remotecontrol.o
    0x0800378e   0x0800378e   0x00000002   PAD
    0x08003790   0x08003790   0x00000062   Code   RO         3912    x$fpl$d2f           fz_wm.l(d2f.o)
    0x080037f2   0x080037f2   0x00000002   PAD
    0x080037f4   0x080037f4   0x000002b0   Code   RO         3915    x$fpl$ddiv          fz_wm.l(ddiv.o)
    0x08003aa4   0x08003aa4   0x0000002e   Code   RO         3919    x$fpl$dflt          fz_wm.l(dflt_clz.o)
    0x08003ad2   0x08003ad2   0x0000009c   Code   RO         4011    x$fpl$dnaninf       fz_wm.l(dnaninf.o)
    0x08003b6e   0x08003b6e   0x0000000c   Code   RO         4013    x$fpl$dretinf       fz_wm.l(dretinf.o)
    0x08003b7a   0x08003b7a   0x0000000a   Code   RO         4057    x$fpl$fpinit        fz_wm.l(fpinit.o)
    0x08003b84   0x08003b84   0x0000000a   Code   RO         4015    x$fpl$fretinf       fz_wm.l(fretinf.o)
    0x08003b8e   0x08003b8e   0x00000000   Code   RO         4017    x$fpl$usenofp       fz_wm.l(usenofp.o)
    0x08003b8e   0x08003b8e   0x00000010   Data   RO         3813    .constdata          system_stm32f4xx.o
    0x08003b9e   0x08003b9e   0x00000008   Data   RO         3814    .constdata          system_stm32f4xx.o
    0x08003ba6   0x08003ba6   0x00000002   PAD
    0x08003ba8   0x08003ba8   0x00000020   Data   RO         4148    Region$$Table       anon$$obj.o


    Execution Region RW_IRAM2 (Exec base: 0x10000000, Load base: 0x08003be8, Size: 0x00000000, Max: 0x00010000, ABSOLUTE)

    **** No section assigned to this execution region ****


    Execution Region RW_IRAM1 (Exec base: 0x20000000, Load base: 0x08003bc8, Size: 0x00000800, Max: 0x00030000, ABSOLUTE)

    Exec Addr    Load Addr    Size         Type   Attr      Idx    E Section Name        Object

    0x20000000   0x08003bc8   0x00000010   Data   RW          285    .data               main.o
    0x20000010   0x08003bd8   0x0000000c   Data   RW         1778    .data               stm32f4xx_hal.o
    0x2000001c   0x08003be4   0x00000004   Data   RW         3815    .data               system_stm32f4xx.o
    0x20000020        -       0x00000180   Zero   RW          284    .bss                main.o
    0x200001a0        -       0x00000060   Zero   RW         4021    .bss                c_w.l(libspace.o)
    0x20000200        -       0x00000200   Zero   RW            2    HEAP                startup_stm32f429xx.o
    0x20000400        -       0x00000400   Zero   RW            1    STACK               startup_stm32f429xx.o


==============================================================================

Image component sizes


      Code (inc. data)   RO Data    RW Data    ZI Data      Debug   Object Name

       552         16          0          0          0       4621   display.o
       164          6          0          0          0       2112   joystick.o
      1542        160          0         16        384       7021   main.o
      2096        380          0          0          0     778066   remotecontrol.o
        64         26        428          0       1536        848   startup_stm32f429xx.o
       180         28          0         12          0       9589   stm32f4xx_hal.o
      1224         58          0          0          0       5973   stm32f4xx_hal_adc.o
       198         14          0          0          0      33983   stm32f4xx_hal_cortex.o
       182          0          0          0          0       2111   stm32f4xx_hal_dma.o
       584         54          0          0          0       2883   stm32f4xx_hal_gpio.o
      1300         32          0          0          0       9205   stm32f4xx_hal_i2c.o
       128          0          0          0          0       1871   stm32f4xx_hal_i2c_ex.o
       452         56          0          0          0       3776   stm32f4xx_hal_msp.o
      1344         72          0          0          0       5264   stm32f4xx_hal_rcc.o
       736         74          0          0          0       7004   stm32f4xx_hal_tim.o
       144         28          0          0          0       1352   stm32f4xx_hal_tim_ex.o
      1666         16          0          0          0      10862   stm32f4xx_hal_uart.o
        32          6          0          0          0       4674   stm32f4xx_it.o
        16          4         24          4          0       1139   system_stm32f4xx.o

    ----------------------------------------------------------------------
     12632       1030        486         32       1920     892354   Object Totals
         0          0         32          0          0          0   (incl. Generated)
        28          0          2          0          0          0   (incl. Padding)

    ----------------------------------------------------------------------

      Code (inc. data)   RO Data    RW Data    ZI Data      Debug   Library Member Name

         8          0          0          0          0         68   __main.o
         0          0          0          0          0          0   __rtentry.o
        12          0          0          0          0          0   __rtentry2.o
         6          0          0          0          0          0   __rtentry4.o
        52          8          0          0          0          0   __scatter.o
        26          0          0          0          0          0   __scatter_copy.o
        28          0          0          0          0          0   __scatter_zi.o
        10          0          0          0          0         68   defsig_exit.o
        50          0          0          0          0         88   defsig_general.o
        80         58          0          0          0         76   defsig_rtmem_inner.o
        14          0          0          0          0         80   defsig_rtmem_outer.o
        18          0          0          0          0         80   exit.o
        94          0          0          0          0         80   h1_alloc.o
        52          0          0          0          0         68   h1_extend.o
        78          0          0          0          0         80   h1_free.o
        14          0          0          0          0         84   h1_init.o
         6          0          0          0          0        152   heapauxi.o
         4          0          0          0          0        136   hguard.o
         0          0          0          0          0          0   indicate_semi.o
       138          0          0          0          0        168   init_alloc.o
         2          0          0          0          0          0   libinit.o
        14          0          0          0          0          0   libinit2.o
         2          0          0          0          0          0   libshutdown.o
         2          0          0          0          0          0   libshutdown2.o
         8          4          0          0         96         68   libspace.o
       238          0          0          0          0        100   lludivv7m.o
         0          0          0          0          0          0   maybetermalloc1.o
         8          4          0          0          0         68   rt_heap_descriptor_intlibspace.o
        78          0          0          0          0         80   rt_memclr_w.o
         2          0          0          0          0          0   rtexit.o
        10          0          0          0          0          0   rtexit2.o
        12          4          0          0          0         68   sys_exit.o
        74          0          0          0          0         80   sys_stackheap_outer.o
        14          0          0          0          0         76   sys_wrch.o
         2          0          0          0          0         68   use_no_semi.o
        98          4          0          0          0        140   d2f.o
       688        140          0          0          0        256   ddiv.o
        46          0          0          0          0        116   dflt_clz.o
       156          4          0          0          0        140   dnaninf.o
        12          0          0          0          0        116   dretinf.o
        10          0          0          0          0        116   fpinit.o
        10          0          0          0          0        116   fretinf.o
         0          0          0          0          0          0   usenofp.o

    ----------------------------------------------------------------------
      2186        226          0          0         96       2836   Library Totals
        10          0          0          0          0          0   (incl. Padding)

    ----------------------------------------------------------------------

      Code (inc. data)   RO Data    RW Data    ZI Data      Debug   Library Name

      1156         78          0          0         96       1836   c_w.l
      1020        148          0          0          0       1000   fz_wm.l

    ----------------------------------------------------------------------
      2186        226          0          0         96       2836   Library Totals

    ----------------------------------------------------------------------

==============================================================================


      Code (inc. data)   RO Data    RW Data    ZI Data      Debug   

     14818       1256        486         32       2016     884754   Grand Totals
     14818       1256        486         32       2016     884754   ELF Image Totals
     14818       1256        486         32          0          0   ROM Totals

==============================================================================

    Total RO  Size (Code + RO Data)                15304 (  14.95kB)
    Total RW  Size (RW Data + ZI Data)              2048 (   2.00kB)
    Total ROM Size (Code + RO Data + RW Data)      15336 (  14.98kB)

==============================================================================

