../Core/Src/main.c:65:6:microDelay	16	static
../Core/Src/main.c:71:6:stepCCV	24	static
../Core/Src/main.c:118:6:stepCV	24	static
../Core/Src/main.c:170:5:main	8	static
../Core/Src/main.c:241:6:SystemClock_Config	88	static
../Core/Src/main.c:288:13:MX_ADC1_Init	24	static
../Core/Src/main.c:358:13:MX_TIM1_Init	96	static
../Core/Src/main.c:433:13:MX_TIM2_Init	32	static
../Core/Src/main.c:476:13:MX_DMA_Init	16	static
../Core/Src/main.c:494:13:MX_GPIO_Init	56	static
../Core/Src/main.c:613:6:Error_Handler	4	static,ignoring_inline_asm
