../Core/Src/main.c:72:6:microDelay	16	static
../Core/Src/main.c:78:6:stepCCV	24	static
../Core/Src/main.c:125:6:stepCV	24	static
../Core/Src/main.c:177:5:main	8	static
../Core/Src/main.c:251:6:SystemClock_Config	88	static
../Core/Src/main.c:298:13:MX_ADC1_Init	24	static
../Core/Src/main.c:359:13:MX_ADC2_Init	24	static
../Core/Src/main.c:420:13:MX_I2C1_Init	8	static
../Core/Src/main.c:468:13:MX_TIM1_Init	96	static
../Core/Src/main.c:543:13:MX_TIM2_Init	32	static
../Core/Src/main.c:586:13:MX_DMA_Init	16	static
../Core/Src/main.c:607:13:MX_GPIO_Init	56	static
../Core/Src/main.c:726:6:Error_Handler	4	static,ignoring_inline_asm
